---
source: crates/rv/tests/integration_tests/shell.rs
expression: output.normalized_stdout()
---
Install rv's shell integration into nu by running the commands below,
or configuring your shell to do the equivalent.

echo 'mkdir ($nu.data-dir | path join "vendor/autoload")
/tmp/bin/rv shell init nu | save -f ($nu.data-dir | path join "vendor/autoload/rv.nu")
/tmp/bin/rv shell completions nu | save --append ($nu.data-dir | path join "vendor/autoload/rv.nu")' | save --append $nu.config-path
