---
source: crates/rv/tests/integration_tests/shell.rs
assertion_line: 31
expression: output.normalized_stdout()
---
Install rv's shell integration into fish by running the commands below,
or configuring your shell to do the equivalent.

echo '/tmp/bin/rv shell init fish | source' >> ~/.config/fish/config.fish
echo '/tmp/bin/rv shell completions fish | source' >> ~/.config/fish/config.fish
