---
source: crates/rv/tests/integration_tests/ci.rs
expression: test_dir_contents
---
app
Gemfile
Gemfile.lock

./app:
bin
gems
specifications

./app/bin:
coderay
pry
racc
rake
rubocop
ruby-parse
ruby-rewrite
test-unit
yard
yardoc
yri

./app/gems:
ast-2.4.3
benchmark-0.5.0
coderay-1.1.3
concurrent-ruby-1.3.5
docile-1.4.1
i18n-1.14.7
json-2.16.0
language_server-protocol-3.17.0.5
lint_roller-1.1.0
method_source-1.1.0
minitest-5.26.1
parallel-1.27.0
parser-3.3.10.0
power_assert-3.0.1
prism-1.6.0
pry-0.15.2
racc-1.8.1
rainbow-3.1.1
rake-13.3.1
regexp_parser-2.11.3
rubocop-1.81.7
rubocop-ast-1.48.0
rubocop-minitest-0.38.2
rubocop-rake-0.7.1
ruby-progressbar-1.13.0
simplecov_json_formatter-0.1.4
simplecov-0.22.0
simplecov-html-0.13.2
test-unit-3.7.1
timecop-0.9.10
unicode-display_width-3.2.0
unicode-emoji-4.1.0
yard-0.9.37

./app/gems/ast-2.4.3:
lib
LICENSE.MIT
README.YARD.md

./app/gems/ast-2.4.3/lib:
ast
ast.rb

./app/gems/ast-2.4.3/lib/ast:
node.rb
processor
processor.rb
sexp.rb

./app/gems/ast-2.4.3/lib/ast/processor:
mixin.rb

./app/gems/benchmark-0.5.0:
benchmark.gemspec
bin
BSDL
COPYING
Gemfile
lib
Rakefile
README.md

./app/gems/benchmark-0.5.0/bin:
console
setup

./app/gems/benchmark-0.5.0/lib:
benchmark.rb

./app/gems/coderay-1.1.3:
bin
lib
MIT-LICENSE
README_INDEX.rdoc

./app/gems/coderay-1.1.3/bin:
coderay

./app/gems/coderay-1.1.3/lib:
coderay
coderay.rb

./app/gems/coderay-1.1.3/lib/coderay:
duo.rb
encoders
encoders.rb
for_redcloth.rb
helpers
scanners
scanners.rb
styles
styles.rb
token_kinds.rb
tokens_proxy.rb
tokens.rb
version.rb

./app/gems/coderay-1.1.3/lib/coderay/encoders:
_map.rb
comment_filter.rb
count.rb
debug_lint.rb
debug.rb
div.rb
encoder.rb
filter.rb
html
html.rb
json.rb
lines_of_code.rb
lint.rb
null.rb
page.rb
span.rb
statistic.rb
terminal.rb
text.rb
token_kind_filter.rb
xml.rb
yaml.rb

./app/gems/coderay-1.1.3/lib/coderay/encoders/html:
css.rb
numbering.rb
output.rb

./app/gems/coderay-1.1.3/lib/coderay/helpers:
file_type.rb
plugin_host.rb
plugin.rb
word_list.rb

./app/gems/coderay-1.1.3/lib/coderay/scanners:
_map.rb
c.rb
clojure.rb
cpp.rb
css.rb
debug.rb
delphi.rb
diff.rb
erb.rb
go.rb
groovy.rb
haml.rb
html.rb
java
java_script.rb
java.rb
json.rb
lua.rb
php.rb
python.rb
raydebug.rb
ruby
ruby.rb
sass.rb
scanner.rb
sql.rb
taskpaper.rb
text.rb
xml.rb
yaml.rb

./app/gems/coderay-1.1.3/lib/coderay/scanners/java:
builtin_types.rb

./app/gems/coderay-1.1.3/lib/coderay/scanners/ruby:
patterns.rb
string_state.rb

./app/gems/coderay-1.1.3/lib/coderay/styles:
_map.rb
alpha.rb
style.rb

./app/gems/concurrent-ruby-1.3.5:
CHANGELOG.md
ext
Gemfile
lib
LICENSE.txt
Rakefile
README.md

./app/gems/concurrent-ruby-1.3.5/ext:
concurrent-ruby

./app/gems/concurrent-ruby-1.3.5/ext/concurrent-ruby:
com
ConcurrentRubyService.java

./app/gems/concurrent-ruby-1.3.5/ext/concurrent-ruby/com:
concurrent_ruby

./app/gems/concurrent-ruby-1.3.5/ext/concurrent-ruby/com/concurrent_ruby:
ext

./app/gems/concurrent-ruby-1.3.5/ext/concurrent-ruby/com/concurrent_ruby/ext:
AtomicReferenceLibrary.java
JavaAtomicBooleanLibrary.java
JavaAtomicFixnumLibrary.java
JavaSemaphoreLibrary.java
JRubyMapBackendLibrary.java
jsr166e
jsr166y
SynchronizationLibrary.java

./app/gems/concurrent-ruby-1.3.5/ext/concurrent-ruby/com/concurrent_ruby/ext/jsr166e:
ConcurrentHashMap.java
ConcurrentHashMapV8.java
LongAdder.java
nounsafe
Striped64.java

./app/gems/concurrent-ruby-1.3.5/ext/concurrent-ruby/com/concurrent_ruby/ext/jsr166e/nounsafe:
ConcurrentHashMapV8.java
LongAdder.java
Striped64.java

./app/gems/concurrent-ruby-1.3.5/ext/concurrent-ruby/com/concurrent_ruby/ext/jsr166y:
ThreadLocalRandom.java

./app/gems/concurrent-ruby-1.3.5/lib:
concurrent-ruby

./app/gems/concurrent-ruby-1.3.5/lib/concurrent-ruby:
concurrent
concurrent-ruby.rb
concurrent.rb

./app/gems/concurrent-ruby-1.3.5/lib/concurrent-ruby/concurrent:
agent.rb
array.rb
async.rb
atom.rb
atomic
atomic_reference
atomics.rb
collection
concern
concurrent_ruby.jar
configuration.rb
constants.rb
dataflow.rb
delay.rb
errors.rb
exchanger.rb
executor
executors.rb
future.rb
hash.rb
immutable_struct.rb
ivar.rb
map.rb
maybe.rb
mutable_struct.rb
mvar.rb
options.rb
promise.rb
promises.rb
re_include.rb
scheduled_task.rb
set.rb
settable_struct.rb
synchronization
synchronization.rb
thread_safe
timer_task.rb
tuple.rb
tvar.rb
utility
version.rb

./app/gems/concurrent-ruby-1.3.5/lib/concurrent-ruby/concurrent/atomic:
atomic_boolean.rb
atomic_fixnum.rb
atomic_markable_reference.rb
atomic_reference.rb
count_down_latch.rb
cyclic_barrier.rb
event.rb
fiber_local_var.rb
java_count_down_latch.rb
locals.rb
lock_local_var.rb
mutex_atomic_boolean.rb
mutex_atomic_fixnum.rb
mutex_count_down_latch.rb
mutex_semaphore.rb
read_write_lock.rb
reentrant_read_write_lock.rb
semaphore.rb
thread_local_var.rb

./app/gems/concurrent-ruby-1.3.5/lib/concurrent-ruby/concurrent/atomic_reference:
atomic_direct_update.rb
mutex_atomic.rb
numeric_cas_wrapper.rb

./app/gems/concurrent-ruby-1.3.5/lib/concurrent-ruby/concurrent/collection:
copy_on_notify_observer_set.rb
copy_on_write_observer_set.rb
java_non_concurrent_priority_queue.rb
lock_free_stack.rb
map
non_concurrent_priority_queue.rb
ruby_non_concurrent_priority_queue.rb

./app/gems/concurrent-ruby-1.3.5/lib/concurrent-ruby/concurrent/collection/map:
mri_map_backend.rb
non_concurrent_map_backend.rb
synchronized_map_backend.rb
truffleruby_map_backend.rb

./app/gems/concurrent-ruby-1.3.5/lib/concurrent-ruby/concurrent/concern:
deprecation.rb
dereferenceable.rb
logging.rb
obligation.rb
observable.rb

./app/gems/concurrent-ruby-1.3.5/lib/concurrent-ruby/concurrent/executor:
abstract_executor_service.rb
cached_thread_pool.rb
executor_service.rb
fixed_thread_pool.rb
immediate_executor.rb
indirect_immediate_executor.rb
java_executor_service.rb
java_single_thread_executor.rb
java_thread_pool_executor.rb
ruby_executor_service.rb
ruby_single_thread_executor.rb
ruby_thread_pool_executor.rb
safe_task_executor.rb
serial_executor_service.rb
serialized_execution_delegator.rb
serialized_execution.rb
simple_executor_service.rb
single_thread_executor.rb
thread_pool_executor.rb
timer_set.rb

./app/gems/concurrent-ruby-1.3.5/lib/concurrent-ruby/concurrent/synchronization:
abstract_lockable_object.rb
abstract_object.rb
abstract_struct.rb
condition.rb
full_memory_barrier.rb
jruby_lockable_object.rb
lock.rb
lockable_object.rb
mutex_lockable_object.rb
object.rb
safe_initialization.rb
volatile.rb

./app/gems/concurrent-ruby-1.3.5/lib/concurrent-ruby/concurrent/thread_safe:
synchronized_delegator.rb
util
util.rb

./app/gems/concurrent-ruby-1.3.5/lib/concurrent-ruby/concurrent/thread_safe/util:
adder.rb
data_structures.rb
power_of_two_tuple.rb
striped64.rb
volatile.rb
xor_shift_random.rb

./app/gems/concurrent-ruby-1.3.5/lib/concurrent-ruby/concurrent/utility:
engine.rb
monotonic_time.rb
native_extension_loader.rb
native_integer.rb
processor_counter.rb

./app/gems/docile-1.4.1:
docile.gemspec
Gemfile
HISTORY.md
lib
LICENSE
Rakefile
README.md
SECURITY.md

./app/gems/docile-1.4.1/lib:
docile
docile.rb

./app/gems/docile-1.4.1/lib/docile:
backtrace_filter.rb
chaining_fallback_context_proxy.rb
execution.rb
fallback_context_proxy.rb
version.rb

./app/gems/i18n-1.14.7:
lib
MIT-LICENSE
README.md

./app/gems/i18n-1.14.7/lib:
i18n
i18n.rb

./app/gems/i18n-1.14.7/lib/i18n:
backend
backend.rb
config.rb
exceptions.rb
gettext
gettext.rb
interpolate
locale
locale.rb
middleware.rb
tests
tests.rb
utils.rb
version.rb

./app/gems/i18n-1.14.7/lib/i18n/backend:
base.rb
cache_file.rb
cache.rb
cascade.rb
chain.rb
fallbacks.rb
flatten.rb
gettext.rb
interpolation_compiler.rb
key_value.rb
lazy_loadable.rb
memoize.rb
metadata.rb
pluralization.rb
simple.rb
transliterator.rb

./app/gems/i18n-1.14.7/lib/i18n/gettext:
helpers.rb
po_parser.rb

./app/gems/i18n-1.14.7/lib/i18n/interpolate:
ruby.rb

./app/gems/i18n-1.14.7/lib/i18n/locale:
fallbacks.rb
tag
tag.rb

./app/gems/i18n-1.14.7/lib/i18n/locale/tag:
parents.rb
rfc4646.rb
simple.rb

./app/gems/i18n-1.14.7/lib/i18n/tests:
basics.rb
defaults.rb
interpolation.rb
link.rb
localization
localization.rb
lookup.rb
pluralization.rb
procs.rb

./app/gems/i18n-1.14.7/lib/i18n/tests/localization:
date_time.rb
date.rb
procs.rb
time.rb

./app/gems/json-2.16.0:
BSDL
CHANGES.md
COPYING
ext
json.gemspec
LEGAL
lib
README.md

./app/gems/json-2.16.0/ext:
json

./app/gems/json-2.16.0/ext/json:
ext

./app/gems/json-2.16.0/ext/json/ext:
fbuffer
generator
json.h
parser
simd
vendor

./app/gems/json-2.16.0/ext/json/ext/fbuffer:
fbuffer.h

./app/gems/json-2.16.0/ext/json/ext/generator:
extconf.rb
generator.c

./app/gems/json-2.16.0/ext/json/ext/parser:
extconf.rb
parser.c

./app/gems/json-2.16.0/ext/json/ext/simd:
conf.rb
simd.h

./app/gems/json-2.16.0/ext/json/ext/vendor:
fpconv.c
jeaiii-ltoa.h
ryu.h

./app/gems/json-2.16.0/lib:
json
json.rb

./app/gems/json-2.16.0/lib/json:
add
common.rb
ext
ext.rb
generic_object.rb
truffle_ruby
version.rb

./app/gems/json-2.16.0/lib/json/add:
bigdecimal.rb
complex.rb
core.rb
date_time.rb
date.rb
exception.rb
ostruct.rb
range.rb
rational.rb
regexp.rb
set.rb
string.rb
struct.rb
symbol.rb
time.rb

./app/gems/json-2.16.0/lib/json/ext:
generator

./app/gems/json-2.16.0/lib/json/ext/generator:
state.rb

./app/gems/json-2.16.0/lib/json/truffle_ruby:
generator.rb

./app/gems/language_server-protocol-3.17.0.5:
lib
LICENSE.txt
README.md

./app/gems/language_server-protocol-3.17.0.5/lib:
language_server
language_server-protocol.rb

./app/gems/language_server-protocol-3.17.0.5/lib/language_server:
protocol
protocol.rb

./app/gems/language_server-protocol-3.17.0.5/lib/language_server/protocol:
constant
constant.rb
interface
interface.rb
transport
transport.rb
version.rb

./app/gems/language_server-protocol-3.17.0.5/lib/language_server/protocol/constant:
code_action_kind.rb
code_action_trigger_kind.rb
completion_item_kind.rb
completion_item_tag.rb
completion_trigger_kind.rb
diagnostic_severity.rb
diagnostic_tag.rb
document_diagnostic_report_kind.rb
document_highlight_kind.rb
error_codes.rb
failure_handling_kind.rb
file_change_type.rb
file_operation_pattern_kind.rb
folding_range_kind.rb
initialize_error_codes.rb
inlay_hint_kind.rb
insert_text_format.rb
insert_text_mode.rb
markup_kind.rb
message_type.rb
moniker_kind.rb
notebook_cell_kind.rb
position_encoding_kind.rb
prepare_support_default_behavior.rb
resource_operation_kind.rb
semantic_token_modifiers.rb
semantic_token_types.rb
signature_help_trigger_kind.rb
symbol_kind.rb
symbol_tag.rb
text_document_save_reason.rb
text_document_sync_kind.rb
token_format.rb
uniqueness_level.rb
watch_kind.rb

./app/gems/language_server-protocol-3.17.0.5/lib/language_server/protocol/interface:
annotated_text_edit.rb
apply_workspace_edit_params.rb
apply_workspace_edit_result.rb
call_hierarchy_client_capabilities.rb
call_hierarchy_incoming_call.rb
call_hierarchy_incoming_calls_params.rb
call_hierarchy_item.rb
call_hierarchy_options.rb
call_hierarchy_outgoing_call.rb
call_hierarchy_outgoing_calls_params.rb
call_hierarchy_prepare_params.rb
call_hierarchy_registration_options.rb
cancel_params.rb
change_annotation.rb
client_capabilities.rb
code_action_client_capabilities.rb
code_action_context.rb
code_action_options.rb
code_action_params.rb
code_action_registration_options.rb
code_action.rb
code_description.rb
code_lens_client_capabilities.rb
code_lens_options.rb
code_lens_params.rb
code_lens_registration_options.rb
code_lens_workspace_client_capabilities.rb
code_lens.rb
color_information.rb
color_presentation_params.rb
color_presentation.rb
color.rb
command.rb
completion_client_capabilities.rb
completion_context.rb
completion_item_label_details.rb
completion_item.rb
completion_list.rb
completion_options.rb
completion_params.rb
completion_registration_options.rb
configuration_item.rb
configuration_params.rb
create_file_options.rb
create_file.rb
create_files_params.rb
declaration_client_capabilities.rb
declaration_options.rb
declaration_params.rb
declaration_registration_options.rb
definition_client_capabilities.rb
definition_options.rb
definition_params.rb
definition_registration_options.rb
delete_file_options.rb
delete_file.rb
delete_files_params.rb
diagnostic_client_capabilities.rb
diagnostic_options.rb
diagnostic_registration_options.rb
diagnostic_related_information.rb
diagnostic_server_cancellation_data.rb
diagnostic_workspace_client_capabilities.rb
diagnostic.rb
did_change_configuration_client_capabilities.rb
did_change_configuration_params.rb
did_change_notebook_document_params.rb
did_change_text_document_params.rb
did_change_watched_files_client_capabilities.rb
did_change_watched_files_params.rb
did_change_watched_files_registration_options.rb
did_change_workspace_folders_params.rb
did_close_notebook_document_params.rb
did_close_text_document_params.rb
did_open_notebook_document_params.rb
did_open_text_document_params.rb
did_save_notebook_document_params.rb
did_save_text_document_params.rb
document_color_client_capabilities.rb
document_color_options.rb
document_color_params.rb
document_color_registration_options.rb
document_diagnostic_params.rb
document_diagnostic_report_partial_result.rb
document_filter.rb
document_formatting_client_capabilities.rb
document_formatting_options.rb
document_formatting_params.rb
document_formatting_registration_options.rb
document_highlight_client_capabilities.rb
document_highlight_options.rb
document_highlight_params.rb
document_highlight_registration_options.rb
document_highlight.rb
document_link_client_capabilities.rb
document_link_options.rb
document_link_params.rb
document_link_registration_options.rb
document_link.rb
document_on_type_formatting_client_capabilities.rb
document_on_type_formatting_options.rb
document_on_type_formatting_params.rb
document_on_type_formatting_registration_options.rb
document_range_formatting_client_capabilities.rb
document_range_formatting_options.rb
document_range_formatting_params.rb
document_range_formatting_registration_options.rb
document_symbol_client_capabilities.rb
document_symbol_options.rb
document_symbol_params.rb
document_symbol_registration_options.rb
document_symbol.rb
execute_command_client_capabilities.rb
execute_command_options.rb
execute_command_params.rb
execute_command_registration_options.rb
execution_summary.rb
file_create.rb
file_delete.rb
file_event.rb
file_operation_filter.rb
file_operation_pattern_options.rb
file_operation_pattern.rb
file_operation_registration_options.rb
file_rename.rb
file_system_watcher.rb
folding_range_client_capabilities.rb
folding_range_options.rb
folding_range_params.rb
folding_range_registration_options.rb
folding_range.rb
formatting_options.rb
full_document_diagnostic_report.rb
hover_client_capabilities.rb
hover_options.rb
hover_params.rb
hover_registration_options.rb
hover_result.rb
hover.rb
implementation_client_capabilities.rb
implementation_options.rb
implementation_params.rb
implementation_registration_options.rb
initialize_error.rb
initialize_params.rb
initialize_result.rb
initialized_params.rb
inlay_hint_client_capabilities.rb
inlay_hint_label_part.rb
inlay_hint_options.rb
inlay_hint_params.rb
inlay_hint_registration_options.rb
inlay_hint_workspace_client_capabilities.rb
inlay_hint.rb
inline_value_client_capabilities.rb
inline_value_context.rb
inline_value_evaluatable_expression.rb
inline_value_options.rb
inline_value_params.rb
inline_value_registration_options.rb
inline_value_text.rb
inline_value_variable_lookup.rb
inline_value_workspace_client_capabilities.rb
insert_replace_edit.rb
linked_editing_range_client_capabilities.rb
linked_editing_range_options.rb
linked_editing_range_params.rb
linked_editing_range_registration_options.rb
linked_editing_ranges.rb
location_link.rb
location.rb
log_message_params.rb
log_trace_params.rb
markup_content.rb
message_action_item.rb
message.rb
moniker_client_capabilities.rb
moniker_options.rb
moniker_params.rb
moniker_registration_options.rb
moniker.rb
notebook_cell_array_change.rb
notebook_cell_text_document_filter.rb
notebook_cell.rb
notebook_document_change_event.rb
notebook_document_client_capabilities.rb
notebook_document_filter.rb
notebook_document_identifier.rb
notebook_document_sync_client_capabilities.rb
notebook_document_sync_options.rb
notebook_document_sync_registration_options.rb
notebook_document.rb
notification_message.rb
optional_versioned_text_document_identifier.rb
parameter_information.rb
partial_result_params.rb
position.rb
prepare_rename_params.rb
previous_result_id.rb
progress_params.rb
publish_diagnostics_client_capabilities.rb
publish_diagnostics_params.rb
range.rb
reference_client_capabilities.rb
reference_context.rb
reference_options.rb
reference_params.rb
reference_registration_options.rb
registration_params.rb
registration.rb
regular_expressions_client_capabilities.rb
related_full_document_diagnostic_report.rb
related_unchanged_document_diagnostic_report.rb
relative_pattern.rb
rename_client_capabilities.rb
rename_file_options.rb
rename_file.rb
rename_files_params.rb
rename_options.rb
rename_params.rb
rename_registration_options.rb
request_message.rb
response_error.rb
response_message.rb
save_options.rb
selection_range_client_capabilities.rb
selection_range_options.rb
selection_range_params.rb
selection_range_registration_options.rb
selection_range.rb
semantic_tokens_client_capabilities.rb
semantic_tokens_delta_params.rb
semantic_tokens_delta_partial_result.rb
semantic_tokens_delta.rb
semantic_tokens_edit.rb
semantic_tokens_legend.rb
semantic_tokens_options.rb
semantic_tokens_params.rb
semantic_tokens_partial_result.rb
semantic_tokens_range_params.rb
semantic_tokens_registration_options.rb
semantic_tokens_workspace_client_capabilities.rb
semantic_tokens.rb
server_capabilities.rb
set_trace_params.rb
show_document_client_capabilities.rb
show_document_params.rb
show_document_result.rb
show_message_params.rb
show_message_request_client_capabilities.rb
show_message_request_params.rb
signature_help_client_capabilities.rb
signature_help_context.rb
signature_help_options.rb
signature_help_params.rb
signature_help_registration_options.rb
signature_help.rb
signature_information.rb
static_registration_options.rb
symbol_information.rb
text_document_change_registration_options.rb
text_document_client_capabilities.rb
text_document_content_change_event.rb
text_document_edit.rb
text_document_identifier.rb
text_document_item.rb
text_document_position_params.rb
text_document_registration_options.rb
text_document_save_registration_options.rb
text_document_sync_client_capabilities.rb
text_document_sync_options.rb
text_edit.rb
type_definition_client_capabilities.rb
type_definition_options.rb
type_definition_params.rb
type_definition_registration_options.rb
type_hierarchy_item.rb
type_hierarchy_options.rb
type_hierarchy_prepare_params.rb
type_hierarchy_registration_options.rb
type_hierarchy_subtypes_params.rb
type_hierarchy_supertypes_params.rb
unchanged_document_diagnostic_report.rb
unregistration_params.rb
unregistration.rb
versioned_notebook_document_identifier.rb
versioned_text_document_identifier.rb
will_save_text_document_params.rb
work_done_progress_begin.rb
work_done_progress_cancel_params.rb
work_done_progress_create_params.rb
work_done_progress_end.rb
work_done_progress_options.rb
work_done_progress_params.rb
work_done_progress_report.rb
workspace_diagnostic_params.rb
workspace_diagnostic_report_partial_result.rb
workspace_diagnostic_report.rb
workspace_edit_client_capabilities.rb
workspace_edit.rb
workspace_folder.rb
workspace_folders_change_event.rb
workspace_folders_server_capabilities.rb
workspace_full_document_diagnostic_report.rb
workspace_symbol_client_capabilities.rb
workspace_symbol_options.rb
workspace_symbol_params.rb
workspace_symbol_registration_options.rb
workspace_symbol.rb
workspace_unchanged_document_diagnostic_report.rb

./app/gems/language_server-protocol-3.17.0.5/lib/language_server/protocol/transport:
io
io.rb
stdio
stdio.rb

./app/gems/language_server-protocol-3.17.0.5/lib/language_server/protocol/transport/io:
reader.rb
writer.rb

./app/gems/language_server-protocol-3.17.0.5/lib/language_server/protocol/transport/stdio:
reader.rb
writer.rb

./app/gems/lint_roller-1.1.0:
CHANGELOG.md
Gemfile
Gemfile.lock
lib
LICENSE.txt
Rakefile
README.md

./app/gems/lint_roller-1.1.0/lib:
lint_roller
lint_roller.rb

./app/gems/lint_roller-1.1.0/lib/lint_roller:
about.rb
context.rb
error.rb
plugin.rb
rules.rb
support
version.rb

./app/gems/lint_roller-1.1.0/lib/lint_roller/support:
merges_upstream_metadata.rb

./app/gems/method_source-1.1.0:
CHANGELOG.md
Gemfile
lib
LICENSE
method_source.gemspec
Rakefile
README.markdown
spec

./app/gems/method_source-1.1.0/lib:
method_source
method_source.rb

./app/gems/method_source-1.1.0/lib/method_source:
code_helpers.rb
source_location.rb
version.rb

./app/gems/method_source-1.1.0/spec:
method_source
method_source_spec.rb
spec_helper.rb

./app/gems/method_source-1.1.0/spec/method_source:
code_helpers_spec.rb

./app/gems/minitest-5.26.1:
design_rationale.rb
History.rdoc
lib
Manifest.txt
Rakefile
README.rdoc
test

./app/gems/minitest-5.26.1/lib:
hoe
minitest
minitest.rb

./app/gems/minitest-5.26.1/lib/hoe:
minitest.rb

./app/gems/minitest-5.26.1/lib/minitest:
assertions.rb
autorun.rb
benchmark.rb
compress.rb
error_on_warning.rb
expectations.rb
hell.rb
manual_plugins.rb
mock.rb
parallel.rb
pride_plugin.rb
pride.rb
spec.rb
test_task.rb
test.rb
unit.rb

./app/gems/minitest-5.26.1/test:
minitest

./app/gems/minitest-5.26.1/test/minitest:
metametameta.rb
test_minitest_assertions.rb
test_minitest_benchmark.rb
test_minitest_mock.rb
test_minitest_reporter.rb
test_minitest_spec.rb
test_minitest_test_task.rb
test_minitest_test.rb

./app/gems/parallel-1.27.0:
lib
MIT-LICENSE.txt

./app/gems/parallel-1.27.0/lib:
parallel
parallel.rb

./app/gems/parallel-1.27.0/lib/parallel:
version.rb

./app/gems/parser-3.3.10.0:
bin
lib
LICENSE.txt
parser.gemspec

./app/gems/parser-3.3.10.0/bin:
ruby-parse
ruby-rewrite

./app/gems/parser-3.3.10.0/lib:
gauntlet_parser.rb
parser
parser.rb

./app/gems/parser-3.3.10.0/lib/parser:
all.rb
ast
base.rb
builders
clobbering_error.rb
color.rb
context.rb
current_arg_stack.rb
current.rb
deprecation.rb
diagnostic
diagnostic.rb
lexer
lexer-F0.rb
lexer-F1.rb
lexer-strings.rb
macruby.rb
max_numparam_stack.rb
messages.rb
meta.rb
rewriter.rb
ruby18.rb
ruby19.rb
ruby20.rb
ruby21.rb
ruby22.rb
ruby23.rb
ruby24.rb
ruby25.rb
ruby26.rb
ruby27.rb
ruby30.rb
ruby31.rb
ruby32.rb
ruby33.rb
ruby34.rb
rubymotion.rb
runner
runner.rb
source
static_environment.rb
syntax_error.rb
tree_rewriter.rb
unknown_encoding_in_magic_comment_error.rb
variables_stack.rb
version.rb

./app/gems/parser-3.3.10.0/lib/parser/ast:
node.rb
processor.rb

./app/gems/parser-3.3.10.0/lib/parser/builders:
default.rb

./app/gems/parser-3.3.10.0/lib/parser/diagnostic:
engine.rb

./app/gems/parser-3.3.10.0/lib/parser/lexer:
dedenter.rb
explanation.rb
literal.rb
stack_state.rb

./app/gems/parser-3.3.10.0/lib/parser/runner:
ruby_parse.rb
ruby_rewrite.rb

./app/gems/parser-3.3.10.0/lib/parser/source:
buffer.rb
comment
comment.rb
map
map.rb
range.rb
rewriter
rewriter.rb
tree_rewriter
tree_rewriter.rb

./app/gems/parser-3.3.10.0/lib/parser/source/comment:
associator.rb

./app/gems/parser-3.3.10.0/lib/parser/source/map:
collection.rb
condition.rb
constant.rb
definition.rb
for.rb
heredoc.rb
index.rb
keyword.rb
method_definition.rb
objc_kwarg.rb
operator.rb
rescue_body.rb
send.rb
ternary.rb
variable.rb

./app/gems/parser-3.3.10.0/lib/parser/source/rewriter:
action.rb

./app/gems/parser-3.3.10.0/lib/parser/source/tree_rewriter:
action.rb

./app/gems/power_assert-3.0.1:
BSDL
COPYING
Gemfile
LEGAL
lib
power_assert.gemspec
Rakefile
README.md

./app/gems/power_assert-3.0.1/lib:
power_assert
power_assert.rb

./app/gems/power_assert-3.0.1/lib/power_assert:
colorize.rb
configuration.rb
context.rb
enable_tracepoint_events.rb
inspector.rb
parser.rb
version.rb

./app/gems/prism-1.6.0:
BSDmakefile
CHANGELOG.md
CODE_OF_CONDUCT.md
config.yml
CONTRIBUTING.md
docs
ext
include
lib
LICENSE.md
Makefile
prism.gemspec
rbi
README.md
sig
src

./app/gems/prism-1.6.0/docs:
build_system.md
configuration.md
cruby_compilation.md
design.md
encoding.md
fuzzing.md
heredocs.md
javascript.md
local_variable_depth.md
mapping.md
parser_translation.md
parsing_rules.md
releasing.md
relocation.md
ripper_translation.md
ruby_api.md
ruby_parser_translation.md
serialization.md
testing.md

./app/gems/prism-1.6.0/ext:
prism

./app/gems/prism-1.6.0/ext/prism:
api_node.c
api_pack.c
extconf.rb
extension.c
extension.h

./app/gems/prism-1.6.0/include:
prism
prism.h

./app/gems/prism-1.6.0/include/prism:
ast.h
defines.h
diagnostic.h
encoding.h
node.h
options.h
pack.h
parser.h
prettyprint.h
regexp.h
static_literals.h
util
version.h

./app/gems/prism-1.6.0/include/prism/util:
pm_buffer.h
pm_char.h
pm_constant_pool.h
pm_integer.h
pm_list.h
pm_memchr.h
pm_newline_list.h
pm_string.h
pm_strncasecmp.h
pm_strpbrk.h

./app/gems/prism-1.6.0/lib:
prism
prism.rb

./app/gems/prism-1.6.0/lib/prism:
compiler.rb
desugar_compiler.rb
dispatcher.rb
dot_visitor.rb
dsl.rb
ffi.rb
inspect_visitor.rb
lex_compat.rb
mutation_compiler.rb
node_ext.rb
node.rb
pack.rb
parse_result
parse_result.rb
pattern.rb
polyfill
reflection.rb
relocation.rb
serialize.rb
string_query.rb
translation
translation.rb
visitor.rb

./app/gems/prism-1.6.0/lib/prism/parse_result:
comments.rb
errors.rb
newlines.rb

./app/gems/prism-1.6.0/lib/prism/polyfill:
append_as_bytes.rb
byteindex.rb
scan_byte.rb
unpack1.rb
warn.rb

./app/gems/prism-1.6.0/lib/prism/translation:
parser
parser_current.rb
parser.rb
parser33.rb
parser34.rb
parser35.rb
ripper
ripper.rb
ruby_parser.rb

./app/gems/prism-1.6.0/lib/prism/translation/parser:
builder.rb
compiler.rb
lexer.rb

./app/gems/prism-1.6.0/lib/prism/translation/ripper:
sexp.rb
shim.rb

./app/gems/prism-1.6.0/rbi:
prism
prism.rbi

./app/gems/prism-1.6.0/rbi/prism:
compiler.rbi
dsl.rbi
inspect_visitor.rbi
node_ext.rbi
node.rbi
parse_result.rbi
reflection.rbi
string_query.rbi
translation
visitor.rbi

./app/gems/prism-1.6.0/rbi/prism/translation:
parser.rbi
parser33.rbi
parser34.rbi
parser35.rbi
ripper.rbi

./app/gems/prism-1.6.0/sig:
prism
prism.rbs

./app/gems/prism-1.6.0/sig/prism:
compiler.rbs
dispatcher.rbs
dot_visitor.rbs
dsl.rbs
inspect_visitor.rbs
lex_compat.rbs
mutation_compiler.rbs
node_ext.rbs
node.rbs
pack.rbs
parse_result
parse_result.rbs
pattern.rbs
reflection.rbs
relocation.rbs
serialize.rbs
string_query.rbs
visitor.rbs

./app/gems/prism-1.6.0/sig/prism/parse_result:
comments.rbs

./app/gems/prism-1.6.0/src:
diagnostic.c
encoding.c
node.c
options.c
pack.c
prettyprint.c
prism.c
regexp.c
serialize.c
static_literals.c
token_type.c
util

./app/gems/prism-1.6.0/src/util:
pm_buffer.c
pm_char.c
pm_constant_pool.c
pm_integer.c
pm_list.c
pm_memchr.c
pm_newline_list.c
pm_string.c
pm_strncasecmp.c
pm_strpbrk.c

./app/gems/pry-0.15.2:
bin
CHANGELOG.md
lib
LICENSE
README.md

./app/gems/pry-0.15.2/bin:
pry

./app/gems/pry-0.15.2/lib:
pry
pry.rb

./app/gems/pry-0.15.2/lib/pry:
basic_object.rb
block_command.rb
class_command.rb
cli.rb
code
code_object.rb
code.rb
color_printer.rb
command_set.rb
command_state.rb
command.rb
commands
config
config.rb
control_d_handler.rb
core_extensions.rb
editor.rb
env.rb
exception_handler.rb
exceptions.rb
forwardable.rb
helpers
helpers.rb
history.rb
hooks.rb
indent.rb
input
input_completer.rb
input_lock.rb
inspector.rb
last_exception.rb
method
method.rb
object_path.rb
output.rb
pager.rb
prompt.rb
pry_class.rb
pry_instance.rb
repl_file_loader.rb
repl.rb
ring.rb
slop
slop.rb
syntax_highlighter.rb
system_command_handler.rb
testable
testable.rb
version.rb
warning.rb
wrapped_module
wrapped_module.rb

./app/gems/pry-0.15.2/lib/pry/code:
code_file.rb
code_range.rb
loc.rb

./app/gems/pry-0.15.2/lib/pry/commands:
amend_line.rb
bang_pry.rb
bang.rb
cat
cat.rb
cd.rb
change_inspector.rb
change_prompt.rb
clear_screen.rb
code_collector.rb
disable_pry.rb
easter_eggs.rb
edit
edit.rb
exit_all.rb
exit_program.rb
exit.rb
find_method.rb
fix_indent.rb
help.rb
hist.rb
import_set.rb
jump_to.rb
list_inspectors.rb
ls
ls.rb
nesting.rb
play.rb
pry_backtrace.rb
pry_version.rb
raise_up.rb
reload_code.rb
reset.rb
ri.rb
save_file.rb
shell_command.rb
shell_mode.rb
show_doc.rb
show_info.rb
show_input.rb
show_source.rb
stat.rb
switch_to.rb
toggle_color.rb
watch_expression
watch_expression.rb
whereami.rb
wtf.rb

./app/gems/pry-0.15.2/lib/pry/commands/cat:
abstract_formatter.rb
exception_formatter.rb
file_formatter.rb
input_expression_formatter.rb

./app/gems/pry-0.15.2/lib/pry/commands/edit:
exception_patcher.rb
file_and_line_locator.rb

./app/gems/pry-0.15.2/lib/pry/commands/ls:
config.rb
constants.rb
formatter.rb
globals.rb
grep.rb
instance_vars.rb
interrogatable.rb
jruby_hacks.rb
local_names.rb
local_vars.rb
ls_entity.rb
methods_helper.rb
methods.rb
self_methods.rb

./app/gems/pry-0.15.2/lib/pry/commands/watch_expression:
expression.rb

./app/gems/pry-0.15.2/lib/pry/config:
attributable.rb
lazy_value.rb
memoized_value.rb
value.rb

./app/gems/pry-0.15.2/lib/pry/helpers:
base_helpers.rb
command_helpers.rb
documentation_helpers.rb
options_helpers.rb
platform.rb
table.rb
text.rb

./app/gems/pry-0.15.2/lib/pry/input:
simple_stdio.rb

./app/gems/pry-0.15.2/lib/pry/method:
disowned.rb
patcher.rb
weird_method_locator.rb

./app/gems/pry-0.15.2/lib/pry/slop:
commands.rb
LICENSE
option.rb

./app/gems/pry-0.15.2/lib/pry/testable:
evalable.rb
mockable.rb
pry_tester.rb
utility.rb
variables.rb

./app/gems/pry-0.15.2/lib/pry/wrapped_module:
candidate.rb

./app/gems/racc-1.8.1:
bin
BSDL
ChangeLog
COPYING
doc
ext
lib
README.ja.rdoc
README.rdoc
TODO

./app/gems/racc-1.8.1/bin:
racc

./app/gems/racc-1.8.1/doc:
en
ja

./app/gems/racc-1.8.1/doc/en:
grammar.en.rdoc
grammar2.en.rdoc

./app/gems/racc-1.8.1/doc/ja:
command.ja.html
debug.ja.rdoc
grammar.ja.rdoc
index.ja.html
parser.ja.rdoc
usage.ja.html

./app/gems/racc-1.8.1/ext:
racc

./app/gems/racc-1.8.1/ext/racc:
cparse

./app/gems/racc-1.8.1/ext/racc/cparse:
cparse.c
extconf.rb

./app/gems/racc-1.8.1/lib:
racc
racc.rb

./app/gems/racc-1.8.1/lib/racc:
compat.rb
debugflags.rb
exception.rb
grammar.rb
grammarfileparser.rb
info.rb
iset.rb
logfilegenerator.rb
parser-text.rb
parser.rb
parserfilegenerator.rb
sourcetext.rb
state.rb
statetransitiontable.rb
static.rb

./app/gems/rainbow-3.1.1:
Changelog.md
lib
LICENSE
README.markdown

./app/gems/rainbow-3.1.1/lib:
rainbow
rainbow.rb

./app/gems/rainbow-3.1.1/lib/rainbow:
color.rb
ext
global.rb
null_presenter.rb
presenter.rb
refinement.rb
string_utils.rb
version.rb
wrapper.rb
x11_color_names.rb

./app/gems/rainbow-3.1.1/lib/rainbow/ext:
string.rb

./app/gems/rake-13.3.1:
doc
exe
History.rdoc
lib
MIT-LICENSE
rake.gemspec
README.rdoc

./app/gems/rake-13.3.1/doc:
command_line_usage.rdoc
example
glossary.rdoc
jamis.rb
proto_rake.rdoc
rake.1
rakefile.rdoc
rational.rdoc

./app/gems/rake-13.3.1/doc/example:
a.c
b.c
main.c
Rakefile1
Rakefile2

./app/gems/rake-13.3.1/exe:
rake

./app/gems/rake-13.3.1/lib:
rake
rake.rb

./app/gems/rake-13.3.1/lib/rake:
application.rb
backtrace.rb
clean.rb
cloneable.rb
cpu_counter.rb
default_loader.rb
dsl_definition.rb
early_time.rb
ext
file_creation_task.rb
file_list.rb
file_task.rb
file_utils_ext.rb
file_utils.rb
invocation_chain.rb
invocation_exception_mixin.rb
late_time.rb
linked_list.rb
loaders
multi_task.rb
name_space.rb
packagetask.rb
phony.rb
private_reader.rb
promise.rb
pseudo_status.rb
rake_module.rb
rake_test_loader.rb
rule_recursion_overflow_error.rb
scope.rb
task_argument_error.rb
task_arguments.rb
task_manager.rb
task.rb
tasklib.rb
testtask.rb
thread_history_display.rb
thread_pool.rb
trace_output.rb
version.rb
win32.rb

./app/gems/rake-13.3.1/lib/rake/ext:
core.rb
string.rb

./app/gems/rake-13.3.1/lib/rake/loaders:
makefile.rb

./app/gems/regexp_parser-2.11.3:
Gemfile
lib
LICENSE
Rakefile
regexp_parser.gemspec

./app/gems/regexp_parser-2.11.3/lib:
regexp_parser
regexp_parser.rb

./app/gems/regexp_parser-2.11.3/lib/regexp_parser:
error.rb
expression
expression.rb
lexer.rb
parser.rb
scanner
scanner.rb
syntax
syntax.rb
token.rb
version.rb

./app/gems/regexp_parser-2.11.3/lib/regexp_parser/expression:
base.rb
classes
methods
quantifier.rb
sequence_operation.rb
sequence.rb
shared.rb
subexpression.rb

./app/gems/regexp_parser-2.11.3/lib/regexp_parser/expression/classes:
alternation.rb
anchor.rb
backreference.rb
character_set
character_set.rb
character_type.rb
conditional.rb
escape_sequence.rb
free_space.rb
group.rb
keep.rb
literal.rb
posix_class.rb
root.rb
unicode_property.rb

./app/gems/regexp_parser-2.11.3/lib/regexp_parser/expression/classes/character_set:
intersection.rb
range.rb

./app/gems/regexp_parser-2.11.3/lib/regexp_parser/expression/methods:
construct.rb
escape_sequence_char.rb
escape_sequence_codepoint.rb
human_name.rb
match_length.rb
match.rb
negative.rb
options.rb
parts.rb
printing.rb
referenced_expressions.rb
strfregexp.rb
tests.rb
traverse.rb

./app/gems/regexp_parser-2.11.3/lib/regexp_parser/scanner:
char_type.rl
errors
properties
property.rl
scanner.rl

./app/gems/regexp_parser-2.11.3/lib/regexp_parser/scanner/errors:
premature_end_error.rb
scanner_error.rb
validation_error.rb

./app/gems/regexp_parser-2.11.3/lib/regexp_parser/scanner/properties:
long.csv
short.csv

./app/gems/regexp_parser-2.11.3/lib/regexp_parser/syntax:
any.rb
base.rb
token
token.rb
version_lookup.rb
versions
versions.rb

./app/gems/regexp_parser-2.11.3/lib/regexp_parser/syntax/token:
anchor.rb
assertion.rb
backreference.rb
character_set.rb
character_type.rb
conditional.rb
escape.rb
group.rb
keep.rb
meta.rb
posix_class.rb
quantifier.rb
unicode_property.rb
virtual.rb

./app/gems/regexp_parser-2.11.3/lib/regexp_parser/syntax/versions:
1.8.6.rb
1.9.1.rb
1.9.3.rb
2.0.0.rb
2.2.0.rb
2.3.0.rb
2.4.0.rb
2.4.1.rb
2.5.0.rb
2.6.0.rb
2.6.2.rb
2.6.3.rb
3.1.0.rb
3.2.0.rb
3.5.0.rb

./app/gems/rubocop-1.81.7:
assets
config
exe
lib
LICENSE.txt
README.md

./app/gems/rubocop-1.81.7/assets:
logo.png
output.css.erb
output.html.erb

./app/gems/rubocop-1.81.7/config:
default.yml
internal_affairs.yml
obsoletion.yml

./app/gems/rubocop-1.81.7/exe:
rubocop

./app/gems/rubocop-1.81.7/lib:
rubocop
rubocop.rb
ruby_lsp

./app/gems/rubocop-1.81.7/lib/rubocop:
arguments_env.rb
arguments_file.rb
ast_aliases.rb
cache_config.rb
cached_data.rb
cli
cli.rb
comment_config.rb
config_finder.rb
config_loader_resolver.rb
config_loader.rb
config_obsoletion
config_obsoletion.rb
config_regeneration.rb
config_store.rb
config_validator.rb
config.rb
cop
cops_documentation_generator.rb
core_ext
directive_comment.rb
error.rb
ext
feature_loader.rb
file_finder.rb
file_patterns.rb
formatter
formatter.rb
lockfile.rb
lsp
lsp.rb
magic_comment.rb
name_similarity.rb
options.rb
path_util.rb
pending_cops_reporter.rb
platform.rb
plugin
plugin.rb
rake_task.rb
remote_config.rb
result_cache.rb
rspec
runner.rb
server
server.rb
string_interpreter.rb
target_finder.rb
target_ruby.rb
util.rb
version.rb
warning.rb
yaml_duplication_checker.rb

./app/gems/rubocop-1.81.7/lib/rubocop/cli:
command
command.rb
environment.rb

./app/gems/rubocop-1.81.7/lib/rubocop/cli/command:
auto_generate_config.rb
base.rb
execute_runner.rb
init_dotfile.rb
lsp.rb
show_cops.rb
show_docs_url.rb
suggest_extensions.rb
version.rb

./app/gems/rubocop-1.81.7/lib/rubocop/config_obsoletion:
changed_enforced_styles.rb
changed_parameter.rb
cop_rule.rb
extracted_cop.rb
parameter_rule.rb
removed_cop.rb
renamed_cop.rb
rule.rb
split_cop.rb

./app/gems/rubocop-1.81.7/lib/rubocop/cop:
autocorrect_logic.rb
badge.rb
base.rb
bundler
commissioner.rb
cop.rb
corrector.rb
correctors
documentation.rb
exclude_limit.rb
force.rb
gemspec
generator
generator.rb
ignored_node.rb
internal_affairs
internal_affairs.rb
layout
legacy
lint
message_annotator.rb
metrics
migration
mixin
naming
offense.rb
registry.rb
security
severity.rb
style
team.rb
util.rb
utils
variable_force
variable_force.rb

./app/gems/rubocop-1.81.7/lib/rubocop/cop/bundler:
duplicated_gem.rb
duplicated_group.rb
gem_comment.rb
gem_filename.rb
gem_version.rb
insecure_protocol_source.rb
ordered_gems.rb

./app/gems/rubocop-1.81.7/lib/rubocop/cop/correctors:
alignment_corrector.rb
condition_corrector.rb
each_to_for_corrector.rb
empty_line_corrector.rb
for_to_each_corrector.rb
if_then_corrector.rb
lambda_literal_to_method_corrector.rb
line_break_corrector.rb
multiline_literal_brace_corrector.rb
ordered_gem_corrector.rb
parentheses_corrector.rb
percent_literal_corrector.rb
punctuation_corrector.rb
require_library_corrector.rb
space_corrector.rb
string_literal_corrector.rb
unused_arg_corrector.rb

./app/gems/rubocop-1.81.7/lib/rubocop/cop/gemspec:
add_runtime_dependency.rb
attribute_assignment.rb
dependency_version.rb
deprecated_attribute_assignment.rb
development_dependencies.rb
duplicated_assignment.rb
ordered_dependencies.rb
require_mfa.rb
required_ruby_version.rb
ruby_version_globals_usage.rb

./app/gems/rubocop-1.81.7/lib/rubocop/cop/generator:
configuration_injector.rb
require_file_injector.rb

./app/gems/rubocop-1.81.7/lib/rubocop/cop/internal_affairs:
cop_description.rb
cop_enabled.rb
create_empty_file.rb
empty_line_between_expect_offense_and_correction.rb
example_description.rb
example_heredoc_delimiter.rb
inherit_deprecated_cop_class.rb
lambda_or_proc.rb
location_exists.rb
location_expression.rb
location_line_equality_comparison.rb
method_name_end_with.rb
method_name_equal.rb
node_destructuring.rb
node_first_or_last_argument.rb
node_matcher_directive.rb
node_pattern_groups
node_pattern_groups.rb
node_type_group.rb
node_type_multiple_predicates.rb
node_type_predicate.rb
numblock_handler.rb
offense_location_keyword.rb
on_send_without_on_csend.rb
operator_keyword.rb
plugin.rb
processed_source_buffer_name.rb
redundant_context_config_parameter.rb
redundant_described_class_as_subject.rb
redundant_expect_offense_arguments.rb
redundant_let_rubocop_config_new.rb
redundant_location_argument.rb
redundant_message_argument.rb
redundant_method_dispatch_node.rb
redundant_source_range.rb
single_line_comparison.rb
style_detected_api_use.rb
undefined_config.rb
useless_message_assertion.rb
useless_restrict_on_send.rb

./app/gems/rubocop-1.81.7/lib/rubocop/cop/internal_affairs/node_pattern_groups:
ast_processor.rb
ast_walker.rb

./app/gems/rubocop-1.81.7/lib/rubocop/cop/layout:
access_modifier_indentation.rb
argument_alignment.rb
array_alignment.rb
assignment_indentation.rb
begin_end_alignment.rb
block_alignment.rb
block_end_newline.rb
case_indentation.rb
class_structure.rb
closing_heredoc_indentation.rb
closing_parenthesis_indentation.rb
comment_indentation.rb
condition_position.rb
def_end_alignment.rb
dot_position.rb
else_alignment.rb
empty_comment.rb
empty_line_after_guard_clause.rb
empty_line_after_magic_comment.rb
empty_line_after_multiline_condition.rb
empty_line_between_defs.rb
empty_lines_after_module_inclusion.rb
empty_lines_around_access_modifier.rb
empty_lines_around_arguments.rb
empty_lines_around_attribute_accessor.rb
empty_lines_around_begin_body.rb
empty_lines_around_block_body.rb
empty_lines_around_class_body.rb
empty_lines_around_exception_handling_keywords.rb
empty_lines_around_method_body.rb
empty_lines_around_module_body.rb
empty_lines.rb
end_alignment.rb
end_of_line.rb
extra_spacing.rb
first_argument_indentation.rb
first_array_element_indentation.rb
first_array_element_line_break.rb
first_hash_element_indentation.rb
first_hash_element_line_break.rb
first_method_argument_line_break.rb
first_method_parameter_line_break.rb
first_parameter_indentation.rb
hash_alignment.rb
heredoc_argument_closing_parenthesis.rb
heredoc_indentation.rb
indentation_consistency.rb
indentation_style.rb
indentation_width.rb
initial_indentation.rb
leading_comment_space.rb
leading_empty_lines.rb
line_continuation_leading_space.rb
line_continuation_spacing.rb
line_end_string_concatenation_indentation.rb
line_length.rb
multiline_array_brace_layout.rb
multiline_array_line_breaks.rb
multiline_assignment_layout.rb
multiline_block_layout.rb
multiline_hash_brace_layout.rb
multiline_hash_key_line_breaks.rb
multiline_method_argument_line_breaks.rb
multiline_method_call_brace_layout.rb
multiline_method_call_indentation.rb
multiline_method_definition_brace_layout.rb
multiline_method_parameter_line_breaks.rb
multiline_operation_indentation.rb
parameter_alignment.rb
redundant_line_break.rb
rescue_ensure_alignment.rb
single_line_block_chain.rb
space_after_colon.rb
space_after_comma.rb
space_after_method_name.rb
space_after_not.rb
space_after_semicolon.rb
space_around_block_parameters.rb
space_around_equals_in_parameter_default.rb
space_around_keyword.rb
space_around_method_call_operator.rb
space_around_operators.rb
space_before_block_braces.rb
space_before_brackets.rb
space_before_comma.rb
space_before_comment.rb
space_before_first_arg.rb
space_before_semicolon.rb
space_in_lambda_literal.rb
space_inside_array_literal_brackets.rb
space_inside_array_percent_literal.rb
space_inside_block_braces.rb
space_inside_hash_literal_braces.rb
space_inside_parens.rb
space_inside_percent_literal_delimiters.rb
space_inside_range_literal.rb
space_inside_reference_brackets.rb
space_inside_string_interpolation.rb
trailing_empty_lines.rb
trailing_whitespace.rb

./app/gems/rubocop-1.81.7/lib/rubocop/cop/legacy:
corrections_proxy.rb
corrector.rb

./app/gems/rubocop-1.81.7/lib/rubocop/cop/lint:
ambiguous_assignment.rb
ambiguous_block_association.rb
ambiguous_operator_precedence.rb
ambiguous_operator.rb
ambiguous_range.rb
ambiguous_regexp_literal.rb
array_literal_in_regexp.rb
assignment_in_condition.rb
big_decimal_new.rb
binary_operator_with_identical_operands.rb
boolean_symbol.rb
circular_argument_reference.rb
constant_definition_in_block.rb
constant_overwritten_in_rescue.rb
constant_reassignment.rb
constant_resolution.rb
cop_directive_syntax.rb
debugger.rb
deprecated_class_methods.rb
deprecated_constants.rb
deprecated_open_ssl_constant.rb
disjunctive_assignment_in_constructor.rb
duplicate_branch.rb
duplicate_case_condition.rb
duplicate_elsif_condition.rb
duplicate_hash_key.rb
duplicate_magic_comment.rb
duplicate_match_pattern.rb
duplicate_methods.rb
duplicate_regexp_character_class_element.rb
duplicate_require.rb
duplicate_rescue_exception.rb
duplicate_set_element.rb
each_with_object_argument.rb
else_layout.rb
empty_block.rb
empty_class.rb
empty_conditional_body.rb
empty_ensure.rb
empty_expression.rb
empty_file.rb
empty_in_pattern.rb
empty_interpolation.rb
empty_when.rb
ensure_return.rb
erb_new_arguments.rb
flip_flop.rb
float_comparison.rb
float_out_of_range.rb
format_parameter_mismatch.rb
hash_compare_by_identity.rb
hash_new_with_keyword_arguments_as_default.rb
heredoc_method_call_position.rb
identity_comparison.rb
implicit_string_concatenation.rb
incompatible_io_select_with_fiber_scheduler.rb
ineffective_access_modifier.rb
inherit_exception.rb
interpolation_check.rb
it_without_arguments_in_block.rb
lambda_without_literal_block.rb
literal_as_condition.rb
literal_assignment_in_condition.rb
literal_in_interpolation.rb
loop.rb
missing_cop_enable_directive.rb
missing_super.rb
mixed_case_range.rb
mixed_regexp_capture_types.rb
multiple_comparison.rb
nested_method_definition.rb
nested_percent_literal.rb
next_without_accumulator.rb
no_return_in_begin_end_blocks.rb
non_atomic_file_operation.rb
non_deterministic_require_order.rb
non_local_exit_from_iterator.rb
number_conversion.rb
numbered_parameter_assignment.rb
numeric_operation_with_constant_result.rb
or_assignment_to_constant.rb
ordered_magic_comments.rb
out_of_range_regexp_ref.rb
parentheses_as_grouped_expression.rb
percent_string_array.rb
percent_symbol_array.rb
raise_exception.rb
rand_one.rb
redundant_cop_disable_directive.rb
redundant_cop_enable_directive.rb
redundant_dir_glob_sort.rb
redundant_regexp_quantifiers.rb
redundant_require_statement.rb
redundant_safe_navigation.rb
redundant_splat_expansion.rb
redundant_string_coercion.rb
redundant_type_conversion.rb
redundant_with_index.rb
redundant_with_object.rb
refinement_import_methods.rb
regexp_as_condition.rb
require_parentheses.rb
require_range_parentheses.rb
require_relative_self_path.rb
rescue_exception.rb
rescue_type.rb
return_in_void_context.rb
safe_navigation_chain.rb
safe_navigation_consistency.rb
safe_navigation_with_empty.rb
script_permission.rb
self_assignment.rb
send_with_mixin_argument.rb
shadowed_argument.rb
shadowed_exception.rb
shadowing_outer_local_variable.rb
shared_mutable_default.rb
struct_new_override.rb
suppressed_exception_in_number_conversion.rb
suppressed_exception.rb
symbol_conversion.rb
syntax.rb
to_enum_arguments.rb
to_json.rb
top_level_return_with_argument.rb
trailing_comma_in_attribute_declaration.rb
triple_quotes.rb
underscore_prefixed_variable_name.rb
unescaped_bracket_in_regexp.rb
unexpected_block_arity.rb
unified_integer.rb
unmodified_reduce_accumulator.rb
unreachable_code.rb
unreachable_loop.rb
unused_block_argument.rb
unused_method_argument.rb
uri_escape_unescape.rb
uri_regexp.rb
useless_access_modifier.rb
useless_assignment.rb
useless_constant_scoping.rb
useless_default_value_argument.rb
useless_defined.rb
useless_else_without_rescue.rb
useless_method_definition.rb
useless_numeric_operation.rb
useless_or.rb
useless_rescue.rb
useless_ruby2_keywords.rb
useless_setter_call.rb
useless_times.rb
utils
void.rb

./app/gems/rubocop-1.81.7/lib/rubocop/cop/lint/utils:
nil_receiver_checker.rb

./app/gems/rubocop-1.81.7/lib/rubocop/cop/metrics:
abc_size.rb
block_length.rb
block_nesting.rb
class_length.rb
collection_literal_length.rb
cyclomatic_complexity.rb
method_length.rb
module_length.rb
parameter_lists.rb
perceived_complexity.rb
utils

./app/gems/rubocop-1.81.7/lib/rubocop/cop/metrics/utils:
abc_size_calculator.rb
code_length_calculator.rb
iterating_block.rb
repeated_attribute_discount.rb
repeated_csend_discount.rb

./app/gems/rubocop-1.81.7/lib/rubocop/cop/migration:
department_name.rb

./app/gems/rubocop-1.81.7/lib/rubocop/cop/mixin:
alignment.rb
allowed_identifiers.rb
allowed_methods.rb
allowed_pattern.rb
allowed_receivers.rb
annotation_comment.rb
array_min_size.rb
array_syntax.rb
auto_corrector.rb
check_assignment.rb
check_line_breakable.rb
check_single_line_suitability.rb
code_length.rb
comments_help.rb
configurable_enforced_style.rb
configurable_formatting.rb
configurable_max.rb
configurable_naming.rb
configurable_numbering.rb
def_node.rb
dig_help.rb
documentation_comment.rb
duplication.rb
empty_lines_around_body.rb
empty_parameter.rb
end_keyword_alignment.rb
endless_method_rewriter.rb
enforce_superclass.rb
first_element_line_break.rb
forbidden_identifiers.rb
forbidden_pattern.rb
frozen_string_literal.rb
gem_declaration.rb
gemspec_help.rb
hash_alignment_styles.rb
hash_shorthand_syntax.rb
hash_subset.rb
hash_transform_method.rb
heredoc.rb
integer_node.rb
interpolation.rb
line_length_help.rb
match_range.rb
method_complexity.rb
method_preference.rb
min_body_length.rb
min_branches_count.rb
multiline_element_indentation.rb
multiline_element_line_breaks.rb
multiline_expression_indentation.rb
multiline_literal_brace_layout.rb
negative_conditional.rb
nil_methods.rb
on_normal_if_unless.rb
ordered_gem_node.rb
parentheses.rb
percent_array.rb
percent_literal.rb
preceding_following_alignment.rb
preferred_delimiters.rb
range_help.rb
rational_literal.rb
require_library.rb
rescue_node.rb
safe_assignment.rb
space_after_punctuation.rb
space_before_punctuation.rb
statement_modifier.rb
string_help.rb
string_literals_help.rb
surrounding_space.rb
symbol_help.rb
target_ruby_version.rb
trailing_body.rb
trailing_comma.rb
uncommunicative_name.rb
unused_argument.rb
visibility_help.rb

./app/gems/rubocop-1.81.7/lib/rubocop/cop/naming:
accessor_method_name.rb
ascii_identifiers.rb
binary_operator_parameter_name.rb
block_forwarding.rb
block_parameter_name.rb
class_and_module_camel_case.rb
constant_name.rb
file_name.rb
heredoc_delimiter_case.rb
heredoc_delimiter_naming.rb
inclusive_language.rb
memoized_instance_variable_name.rb
method_name.rb
method_parameter_name.rb
predicate_method.rb
predicate_prefix.rb
rescued_exceptions_variable_name.rb
variable_name.rb
variable_number.rb

./app/gems/rubocop-1.81.7/lib/rubocop/cop/security:
compound_hash.rb
eval.rb
io_methods.rb
json_load.rb
marshal_load.rb
open.rb
yaml_load.rb

./app/gems/rubocop-1.81.7/lib/rubocop/cop/style:
access_modifier_declarations.rb
accessor_grouping.rb
alias.rb
ambiguous_endless_method_definition.rb
and_or.rb
arguments_forwarding.rb
array_coercion.rb
array_first_last.rb
array_intersect_with_single_element.rb
array_intersect.rb
array_join.rb
ascii_comments.rb
attr.rb
auto_resource_cleanup.rb
bare_percent_literals.rb
begin_block.rb
bisected_attr_accessor
bisected_attr_accessor.rb
bitwise_predicate.rb
block_comments.rb
block_delimiters.rb
case_equality.rb
case_like_if.rb
character_literal.rb
class_and_module_children.rb
class_check.rb
class_equality_comparison.rb
class_methods_definitions.rb
class_methods.rb
class_vars.rb
collection_compact.rb
collection_methods.rb
collection_querying.rb
colon_method_call.rb
colon_method_definition.rb
combinable_defined.rb
combinable_loops.rb
command_literal.rb
comment_annotation.rb
commented_keyword.rb
comparable_between.rb
comparable_clamp.rb
concat_array_literals.rb
conditional_assignment.rb
constant_visibility.rb
copyright.rb
data_inheritance.rb
date_time.rb
def_with_parentheses.rb
dig_chain.rb
dir_empty.rb
dir.rb
disable_cops_within_source_code_directive.rb
document_dynamic_eval_definition.rb
documentation_method.rb
documentation.rb
double_cop_disable_directive.rb
double_negation.rb
each_for_simple_loop.rb
each_with_object.rb
empty_block_parameter.rb
empty_case_condition.rb
empty_else.rb
empty_heredoc.rb
empty_lambda_parameter.rb
empty_literal.rb
empty_method.rb
empty_string_inside_interpolation.rb
encoding.rb
end_block.rb
endless_method.rb
env_home.rb
eval_with_location.rb
even_odd.rb
exact_regexp_match.rb
expand_path_arguments.rb
explicit_block_argument.rb
exponential_notation.rb
fetch_env_var.rb
file_empty.rb
file_null.rb
file_read.rb
file_touch.rb
file_write.rb
float_division.rb
for.rb
format_string_token.rb
format_string.rb
frozen_string_literal_comment.rb
global_std_stream.rb
global_vars.rb
guard_clause.rb
hash_as_last_array_item.rb
hash_conversion.rb
hash_each_methods.rb
hash_except.rb
hash_fetch_chain.rb
hash_like_case.rb
hash_slice.rb
hash_syntax.rb
hash_transform_keys.rb
hash_transform_values.rb
identical_conditional_branches.rb
if_inside_else.rb
if_unless_modifier_of_if_unless.rb
if_unless_modifier.rb
if_with_boolean_literal_branches.rb
if_with_semicolon.rb
implicit_runtime_error.rb
in_pattern_then.rb
infinite_loop.rb
inline_comment.rb
inverse_methods.rb
invertible_unless_condition.rb
ip_addresses.rb
it_assignment.rb
it_block_parameter.rb
keyword_arguments_merging.rb
keyword_parameters_order.rb
lambda_call.rb
lambda.rb
line_end_concatenation.rb
magic_comment_format.rb
map_compact_with_conditional_block.rb
map_into_array.rb
map_to_hash.rb
map_to_set.rb
method_call_with_args_parentheses
method_call_with_args_parentheses.rb
method_call_without_args_parentheses.rb
method_called_on_do_end_block.rb
method_def_parentheses.rb
min_max_comparison.rb
min_max.rb
missing_else.rb
missing_respond_to_missing.rb
mixin_grouping.rb
mixin_usage.rb
module_function.rb
multiline_block_chain.rb
multiline_if_modifier.rb
multiline_if_then.rb
multiline_in_pattern_then.rb
multiline_memoization.rb
multiline_method_signature.rb
multiline_ternary_operator.rb
multiline_when_then.rb
multiple_comparison.rb
mutable_constant.rb
negated_if_else_condition.rb
negated_if.rb
negated_unless.rb
negated_while.rb
nested_file_dirname.rb
nested_modifier.rb
nested_parenthesized_calls.rb
nested_ternary_operator.rb
next.rb
nil_comparison.rb
nil_lambda.rb
non_nil_check.rb
not.rb
numbered_parameters_limit.rb
numbered_parameters.rb
numeric_literal_prefix.rb
numeric_literals.rb
numeric_predicate.rb
object_then.rb
one_line_conditional.rb
open_struct_use.rb
operator_method_call.rb
option_hash.rb
optional_arguments.rb
optional_boolean_parameter.rb
or_assignment.rb
parallel_assignment.rb
parentheses_around_condition.rb
percent_literal_delimiters.rb
percent_q_literals.rb
perl_backrefs.rb
preferred_hash_methods.rb
proc.rb
quoted_symbols.rb
raise_args.rb
random_with_offset.rb
redundant_argument.rb
redundant_array_constructor.rb
redundant_array_flatten.rb
redundant_assignment.rb
redundant_begin.rb
redundant_capital_w.rb
redundant_condition.rb
redundant_conditional.rb
redundant_constant_base.rb
redundant_current_directory_in_path.rb
redundant_double_splat_hash_braces.rb
redundant_each.rb
redundant_exception.rb
redundant_fetch_block.rb
redundant_file_extension_in_require.rb
redundant_filter_chain.rb
redundant_format.rb
redundant_freeze.rb
redundant_heredoc_delimiter_quotes.rb
redundant_initialize.rb
redundant_interpolation_unfreeze.rb
redundant_interpolation.rb
redundant_line_continuation.rb
redundant_parentheses.rb
redundant_percent_q.rb
redundant_regexp_argument.rb
redundant_regexp_character_class.rb
redundant_regexp_constructor.rb
redundant_regexp_escape.rb
redundant_return.rb
redundant_self_assignment_branch.rb
redundant_self_assignment.rb
redundant_self.rb
redundant_sort_by.rb
redundant_sort.rb
redundant_string_escape.rb
regexp_literal.rb
require_order.rb
rescue_modifier.rb
rescue_standard_error.rb
return_nil_in_predicate_method_definition.rb
return_nil.rb
safe_navigation_chain_length.rb
safe_navigation.rb
sample.rb
select_by_regexp.rb
self_assignment.rb
semicolon.rb
send_with_literal_method_name.rb
send.rb
signal_exception.rb
single_argument_dig.rb
single_line_block_params.rb
single_line_do_end_block.rb
single_line_methods.rb
slicing_with_range.rb
sole_nested_conditional.rb
special_global_vars.rb
stabby_lambda_parentheses.rb
static_class.rb
stderr_puts.rb
string_chars.rb
string_concatenation.rb
string_hash_keys.rb
string_literals_in_interpolation.rb
string_literals.rb
string_methods.rb
strip.rb
struct_inheritance.rb
super_arguments.rb
super_with_args_parentheses.rb
swap_values.rb
symbol_array.rb
symbol_literal.rb
symbol_proc.rb
ternary_parentheses.rb
top_level_method_definition.rb
trailing_body_on_class.rb
trailing_body_on_method_definition.rb
trailing_body_on_module.rb
trailing_comma_in_arguments.rb
trailing_comma_in_array_literal.rb
trailing_comma_in_block_args.rb
trailing_comma_in_hash_literal.rb
trailing_method_end_statement.rb
trailing_underscore_variable.rb
trivial_accessors.rb
unless_else.rb
unless_logical_operators.rb
unpack_first.rb
variable_interpolation.rb
when_then.rb
while_until_do.rb
while_until_modifier.rb
word_array.rb
yaml_file_read.rb
yoda_condition.rb
yoda_expression.rb
zero_length_predicate.rb

./app/gems/rubocop-1.81.7/lib/rubocop/cop/style/bisected_attr_accessor:
macro.rb

./app/gems/rubocop-1.81.7/lib/rubocop/cop/style/method_call_with_args_parentheses:
omit_parentheses.rb
require_parentheses.rb

./app/gems/rubocop-1.81.7/lib/rubocop/cop/utils:
format_string.rb

./app/gems/rubocop-1.81.7/lib/rubocop/cop/variable_force:
assignment.rb
branch.rb
branchable.rb
reference.rb
scope.rb
variable_table.rb
variable.rb

./app/gems/rubocop-1.81.7/lib/rubocop/core_ext:
string.rb

./app/gems/rubocop-1.81.7/lib/rubocop/ext:
comment.rb
processed_source.rb
range.rb
regexp_node.rb
regexp_parser.rb

./app/gems/rubocop-1.81.7/lib/rubocop/formatter:
auto_gen_config_formatter.rb
base_formatter.rb
clang_style_formatter.rb
colorizable.rb
disabled_config_formatter.rb
emacs_style_formatter.rb
file_list_formatter.rb
formatter_set.rb
fuubar_style_formatter.rb
github_actions_formatter.rb
html_formatter.rb
json_formatter.rb
junit_formatter.rb
markdown_formatter.rb
offense_count_formatter.rb
pacman_formatter.rb
progress_formatter.rb
quiet_formatter.rb
simple_text_formatter.rb
tap_formatter.rb
text_util.rb
worst_offenders_formatter.rb

./app/gems/rubocop-1.81.7/lib/rubocop/lsp:
diagnostic.rb
logger.rb
routes.rb
runtime.rb
server.rb
severity.rb
stdin_runner.rb

./app/gems/rubocop-1.81.7/lib/rubocop/plugin:
configuration_integrator.rb
load_error.rb
loader.rb
not_supported_error.rb

./app/gems/rubocop-1.81.7/lib/rubocop/rspec:
cop_helper.rb
expect_offense.rb
parallel_formatter.rb
shared_contexts.rb
support.rb

./app/gems/rubocop-1.81.7/lib/rubocop/server:
cache.rb
cli.rb
client_command
client_command.rb
core.rb
errors.rb
helper.rb
server_command
server_command.rb
socket_reader.rb

./app/gems/rubocop-1.81.7/lib/rubocop/server/client_command:
base.rb
exec.rb
restart.rb
start.rb
status.rb
stop.rb

./app/gems/rubocop-1.81.7/lib/rubocop/server/server_command:
base.rb
exec.rb
stop.rb

./app/gems/rubocop-1.81.7/lib/ruby_lsp:
rubocop

./app/gems/rubocop-1.81.7/lib/ruby_lsp/rubocop:
addon.rb
runtime_adapter.rb

./app/gems/rubocop-ast-1.48.0:
lib
LICENSE.txt
README.md

./app/gems/rubocop-ast-1.48.0/lib:
rubocop
rubocop-ast.rb

./app/gems/rubocop-ast-1.48.0/lib/rubocop:
ast
ast.rb

./app/gems/rubocop-ast-1.48.0/lib/rubocop/ast:
builder_prism.rb
builder.rb
ext
node
node_pattern
node_pattern.rb
node.rb
processed_source.rb
rubocop_compatibility.rb
sexp.rb
token.rb
traversal.rb
utilities
version.rb

./app/gems/rubocop-ast-1.48.0/lib/rubocop/ast/ext:
range.rb

./app/gems/rubocop-ast-1.48.0/lib/rubocop/ast/node:
alias_node.rb
and_asgn_node.rb
and_node.rb
arg_node.rb
args_node.rb
array_node.rb
asgn_node.rb
block_node.rb
break_node.rb
case_match_node.rb
case_node.rb
casgn_node.rb
class_node.rb
complex_node.rb
const_node.rb
csend_node.rb
def_node.rb
defined_node.rb
dstr_node.rb
ensure_node.rb
float_node.rb
for_node.rb
forward_args_node.rb
hash_node.rb
if_node.rb
in_pattern_node.rb
index_node.rb
indexasgn_node.rb
int_node.rb
keyword_begin_node.rb
keyword_splat_node.rb
lambda_node.rb
masgn_node.rb
mixin
mlhs_node.rb
module_node.rb
next_node.rb
op_asgn_node.rb
or_asgn_node.rb
or_node.rb
pair_node.rb
procarg0_node.rb
range_node.rb
rational_node.rb
regexp_node.rb
resbody_node.rb
rescue_node.rb
return_node.rb
self_class_node.rb
send_node.rb
str_node.rb
super_node.rb
symbol_node.rb
until_node.rb
var_node.rb
when_node.rb
while_node.rb
yield_node.rb

./app/gems/rubocop-ast-1.48.0/lib/rubocop/ast/node/mixin:
basic_literal_node.rb
binary_operator_node.rb
collection_node.rb
conditional_node.rb
constant_node.rb
descendence.rb
hash_element_node.rb
method_dispatch_node.rb
method_identifier_predicates.rb
modifier_node.rb
numeric_node.rb
parameterized_node.rb
predicate_operator_node.rb

./app/gems/rubocop-ast-1.48.0/lib/rubocop/ast/node_pattern:
builder.rb
comment.rb
compiler
compiler.rb
lexer.rb
lexer.rex
lexer.rex.rb
method_definer.rb
node.rb
parser.racc.rb
parser.rb
parser.y
sets.rb
with_meta.rb

./app/gems/rubocop-ast-1.48.0/lib/rubocop/ast/node_pattern/compiler:
atom_subcompiler.rb
binding.rb
debug.rb
node_pattern_subcompiler.rb
sequence_subcompiler.rb
subcompiler.rb

./app/gems/rubocop-ast-1.48.0/lib/rubocop/ast/utilities:
simple_forwardable.rb

./app/gems/rubocop-minitest-0.38.2:
config
lib
LICENSE.txt
README.md

./app/gems/rubocop-minitest-0.38.2/config:
default.yml

./app/gems/rubocop-minitest-0.38.2/lib:
rubocop
rubocop-minitest.rb

./app/gems/rubocop-minitest-0.38.2/lib/rubocop:
cop
minitest
minitest.rb

./app/gems/rubocop-minitest-0.38.2/lib/rubocop/cop:
minitest
minitest_cops.rb
minitest_generator.rb
mixin

./app/gems/rubocop-minitest-0.38.2/lib/rubocop/cop/minitest:
assert_empty_literal.rb
assert_empty.rb
assert_equal.rb
assert_in_delta.rb
assert_includes.rb
assert_instance_of.rb
assert_kind_of.rb
assert_match.rb
assert_nil.rb
assert_operator.rb
assert_output.rb
assert_path_exists.rb
assert_predicate.rb
assert_raises_compound_body.rb
assert_raises_with_regexp_argument.rb
assert_respond_to.rb
assert_same.rb
assert_silent.rb
assert_truthy.rb
assert_with_expected_argument.rb
assertion_in_lifecycle_hook.rb
duplicate_test_run.rb
empty_line_before_assertion_methods.rb
focus.rb
global_expectations.rb
lifecycle_hooks_order.rb
literal_as_actual_argument.rb
multiple_assertions.rb
no_assertions.rb
no_test_cases.rb
non_executable_test_method.rb
non_public_test_method.rb
redundant_message_argument.rb
refute_empty.rb
refute_equal.rb
refute_false.rb
refute_in_delta.rb
refute_includes.rb
refute_instance_of.rb
refute_kind_of.rb
refute_match.rb
refute_nil.rb
refute_operator.rb
refute_path_exists.rb
refute_predicate.rb
refute_respond_to.rb
refute_same.rb
return_in_test_method.rb
skip_ensure.rb
skip_without_reason.rb
test_file_name.rb
test_method_name.rb
unreachable_assertion.rb
unspecified_exception.rb
useless_assertion.rb

./app/gems/rubocop-minitest-0.38.2/lib/rubocop/cop/mixin:
argument_range_helper.rb
in_delta_mixin.rb
instance_of_assertion_handleable.rb
minitest_cop_rule.rb
minitest_exploration_helpers.rb
nil_assertion_handleable.rb
predicate_assertion_handleable.rb

./app/gems/rubocop-minitest-0.38.2/lib/rubocop/minitest:
assert_offense.rb
plugin.rb
support.rb
version.rb

./app/gems/rubocop-rake-0.7.1:
bin
CHANGELOG.md
config
Gemfile
lib
LICENSE
Rakefile
README.md
rubocop-rake.gemspec

./app/gems/rubocop-rake-0.7.1/bin:
console
setup

./app/gems/rubocop-rake-0.7.1/config:
default.yml

./app/gems/rubocop-rake-0.7.1/lib:
rubocop
rubocop-rake.rb

./app/gems/rubocop-rake-0.7.1/lib/rubocop:
cop
rake
rake.rb

./app/gems/rubocop-rake-0.7.1/lib/rubocop/cop:
rake
rake_cops.rb

./app/gems/rubocop-rake-0.7.1/lib/rubocop/cop/rake:
class_definition_in_task.rb
desc.rb
duplicate_namespace.rb
duplicate_task.rb
helper
method_definition_in_task.rb

./app/gems/rubocop-rake-0.7.1/lib/rubocop/cop/rake/helper:
class_definition.rb
on_namespace.rb
on_task.rb
task_definition.rb
task_name.rb

./app/gems/rubocop-rake-0.7.1/lib/rubocop/rake:
plugin.rb
version.rb

./app/gems/ruby-progressbar-1.13.0:
lib
LICENSE.txt
Rakefile
README.md

./app/gems/ruby-progressbar-1.13.0/lib:
ruby-progressbar
ruby-progressbar.rb

./app/gems/ruby-progressbar-1.13.0/lib/ruby-progressbar:
base.rb
calculators
components
errors
format
output.rb
outputs
progress.rb
projector.rb
projectors
refinements
refinements.rb
throttle.rb
time.rb
timer.rb
version.rb

./app/gems/ruby-progressbar-1.13.0/lib/ruby-progressbar/calculators:
length.rb

./app/gems/ruby-progressbar-1.13.0/lib/ruby-progressbar/components:
bar.rb
percentage.rb
rate.rb
time.rb
title.rb

./app/gems/ruby-progressbar-1.13.0/lib/ruby-progressbar/errors:
invalid_progress_error.rb

./app/gems/ruby-progressbar-1.13.0/lib/ruby-progressbar/format:
formatter.rb
molecule.rb
string.rb

./app/gems/ruby-progressbar-1.13.0/lib/ruby-progressbar/outputs:
non_tty.rb
null.rb
tty.rb

./app/gems/ruby-progressbar-1.13.0/lib/ruby-progressbar/projectors:
smoothed_average.rb

./app/gems/ruby-progressbar-1.13.0/lib/ruby-progressbar/refinements:
progress_enumerator.rb

./app/gems/simplecov_json_formatter-0.1.4:
CHANGELOG.md
lib
README.md

./app/gems/simplecov_json_formatter-0.1.4/lib:
simplecov_json_formatter
simplecov_json_formatter.rb

./app/gems/simplecov_json_formatter-0.1.4/lib/simplecov_json_formatter:
result_exporter.rb
result_hash_formatter.rb
source_file_formatter.rb
version.rb

./app/gems/simplecov-0.22.0:
CHANGELOG.md
doc
lib
LICENSE
README.md

./app/gems/simplecov-0.22.0/doc:
alternate-formatters.md
commercial-services.md
editor-integration.md

./app/gems/simplecov-0.22.0/lib:
minitest
simplecov
simplecov.rb

./app/gems/simplecov-0.22.0/lib/minitest:
simplecov_plugin.rb

./app/gems/simplecov-0.22.0/lib/simplecov:
combine
combine.rb
command_guesser.rb
configuration.rb
coverage_statistics.rb
default_formatter.rb
defaults.rb
exit_codes
exit_codes.rb
file_list.rb
filter.rb
formatter
formatter.rb
last_run.rb
lines_classifier.rb
load_global_config.rb
no_defaults.rb
process.rb
profiles
profiles.rb
result_adapter.rb
result_merger.rb
result.rb
simulate_coverage.rb
source_file
source_file.rb
useless_results_remover.rb
version.rb

./app/gems/simplecov-0.22.0/lib/simplecov/combine:
branches_combiner.rb
files_combiner.rb
lines_combiner.rb
results_combiner.rb

./app/gems/simplecov-0.22.0/lib/simplecov/exit_codes:
exit_code_handling.rb
maximum_coverage_drop_check.rb
minimum_coverage_by_file_check.rb
minimum_overall_coverage_check.rb

./app/gems/simplecov-0.22.0/lib/simplecov/formatter:
multi_formatter.rb
simple_formatter.rb

./app/gems/simplecov-0.22.0/lib/simplecov/profiles:
bundler_filter.rb
hidden_filter.rb
rails.rb
root_filter.rb
test_frameworks.rb

./app/gems/simplecov-0.22.0/lib/simplecov/source_file:
branch.rb
line.rb

./app/gems/simplecov-html-0.13.2:
CHANGELOG.md
lib
LICENSE
public
Rakefile
README.md
views

./app/gems/simplecov-html-0.13.2/lib:
simplecov-html
simplecov-html.rb

./app/gems/simplecov-html-0.13.2/lib/simplecov-html:
version.rb

./app/gems/simplecov-html-0.13.2/public:
application.css
application.js
colorbox
DataTables-1.10.20
favicon_green.png
favicon_red.png
favicon_yellow.png
images
loading.gif
magnify.png

./app/gems/simplecov-html-0.13.2/public/colorbox:
border.png
controls.png
loading_background.png
loading.gif

./app/gems/simplecov-html-0.13.2/public/DataTables-1.10.20:
images

./app/gems/simplecov-html-0.13.2/public/DataTables-1.10.20/images:
sort_asc_disabled.png
sort_asc.png
sort_both.png
sort_desc_disabled.png
sort_desc.png

./app/gems/simplecov-html-0.13.2/public/images:
ui-bg_flat_0_aaaaaa_40x100.png
ui-bg_flat_75_ffffff_40x100.png
ui-bg_glass_55_fbf9ee_1x400.png
ui-bg_glass_65_ffffff_1x400.png
ui-bg_glass_75_dadada_1x400.png
ui-bg_glass_75_e6e6e6_1x400.png
ui-bg_glass_95_fef1ec_1x400.png
ui-bg_highlight-soft_75_cccccc_1x100.png
ui-icons_222222_256x240.png
ui-icons_2e83ff_256x240.png
ui-icons_454545_256x240.png
ui-icons_888888_256x240.png
ui-icons_cd0a0a_256x240.png

./app/gems/simplecov-html-0.13.2/views:
covered_percent.erb
file_list.erb
layout.erb
source_file.erb

./app/gems/test-unit-3.7.1:
bin
BSDL
COPYING
doc
lib
PSFL
Rakefile
README.md
sample

./app/gems/test-unit-3.7.1/bin:
test-unit

./app/gems/test-unit-3.7.1/doc:
text

./app/gems/test-unit-3.7.1/doc/text:
getting-started.md
how-to.md
news.md

./app/gems/test-unit-3.7.1/lib:
test
test-unit.rb

./app/gems/test-unit-3.7.1/lib/test:
unit
unit.rb

./app/gems/test-unit-3.7.1/lib/test/unit:
assertion-failed-error.rb
assertions.rb
attribute-matcher.rb
attribute.rb
auto-runner-loader.rb
autorunner.rb
code-snippet-fetcher.rb
collector
collector.rb
color-scheme.rb
color.rb
data-sets.rb
data.rb
diff.rb
error.rb
exception-handler.rb
failure.rb
fault-location-detector.rb
fixture.rb
notification.rb
omission.rb
pending.rb
priority.rb
runner
sub-test-result.rb
test-run-context.rb
test-suite-creator.rb
test-suite-runner.rb
test-suite-thread-runner.rb
test-thread-run-context.rb
testcase.rb
testresult.rb
testsuite.rb
ui
util
version.rb
warning.rb

./app/gems/test-unit-3.7.1/lib/test/unit/collector:
descendant.rb
dir.rb
load.rb
objectspace.rb
xml.rb

./app/gems/test-unit-3.7.1/lib/test/unit/runner:
console.rb
emacs.rb
xml.rb

./app/gems/test-unit-3.7.1/lib/test/unit/ui:
console
emacs
testrunner.rb
testrunnermediator.rb
testrunnerutilities.rb
xml

./app/gems/test-unit-3.7.1/lib/test/unit/ui/console:
outputlevel.rb
testrunner.rb

./app/gems/test-unit-3.7.1/lib/test/unit/ui/emacs:
testrunner.rb

./app/gems/test-unit-3.7.1/lib/test/unit/ui/xml:
testrunner.rb

./app/gems/test-unit-3.7.1/lib/test/unit/util:
backtracefilter.rb
memory-usage.rb
method-owner-finder.rb
observable.rb
output.rb
procwrapper.rb

./app/gems/test-unit-3.7.1/sample:
adder.rb
subtracter.rb
test_adder.rb
test_subtracter.rb
test_user.rb

./app/gems/timecop-0.9.10:
lib
LICENSE
Rakefile
README.markdown

./app/gems/timecop-0.9.10/lib:
timecop
timecop.rb

./app/gems/timecop-0.9.10/lib/timecop:
time_extensions.rb
time_stack_item.rb
timecop.rb
version.rb

./app/gems/unicode-display_width-3.2.0:
CHANGELOG.md
data
lib
MIT-LICENSE.txt
README.md

./app/gems/unicode-display_width-3.2.0/data:
display_width.marshal.gz

./app/gems/unicode-display_width-3.2.0/lib:
unicode

./app/gems/unicode-display_width-3.2.0/lib/unicode:
display_width
display_width.rb

./app/gems/unicode-display_width-3.2.0/lib/unicode/display_width:
constants.rb
emoji_support.rb
index.rb
no_string_ext.rb
reline_ext.rb
string_ext.rb

./app/gems/unicode-emoji-4.1.0:
CHANGELOG.md
CODE_OF_CONDUCT.md
data
Gemfile
Gemfile.lock
lib
MIT-LICENSE.txt
Rakefile
README.md
spec
unicode-emoji.gemspec

./app/gems/unicode-emoji-4.1.0/data:
emoji.marshal.gz
generate_constants.rb

./app/gems/unicode-emoji-4.1.0/lib:
unicode

./app/gems/unicode-emoji-4.1.0/lib/unicode:
emoji
emoji.rb

./app/gems/unicode-emoji-4.1.0/lib/unicode/emoji:
constants.rb
generated
generated_native
index.rb
lazy_constants.rb
list.rb

./app/gems/unicode-emoji-4.1.0/lib/unicode/emoji/generated:
regex_basic.rb
regex_emoji_keycap.rb
regex_include_mqe_uqe.rb
regex_include_mqe.rb
regex_include_text.rb
regex_picto_no_emoji.rb
regex_picto.rb
regex_possible.rb
regex_prop_component.rb
regex_prop_emoji.rb
regex_prop_modifier_base.rb
regex_prop_modifier.rb
regex_prop_presentation.rb
regex_text_presentation.rb
regex_text.rb
regex_valid_include_text.rb
regex_valid.rb
regex_well_formed_include_text.rb
regex_well_formed.rb
regex.rb

./app/gems/unicode-emoji-4.1.0/lib/unicode/emoji/generated_native:
regex_basic.rb
regex_emoji_keycap.rb
regex_include_mqe_uqe.rb
regex_include_mqe.rb
regex_include_text.rb
regex_picto_no_emoji.rb
regex_picto.rb
regex_possible.rb
regex_prop_component.rb
regex_prop_emoji.rb
regex_prop_modifier_base.rb
regex_prop_modifier.rb
regex_prop_presentation.rb
regex_text_presentation.rb
regex_text.rb
regex_valid_include_text.rb
regex_valid.rb
regex_well_formed_include_text.rb
regex_well_formed.rb
regex.rb

./app/gems/unicode-emoji-4.1.0/spec:
data
emoji_test_txt_spec.rb
unicode_emoji_spec.rb

./app/gems/unicode-emoji-4.1.0/spec/data:

./app/gems/yard-0.9.37:
bin
CHANGELOG.md
docs
LEGAL
lib
LICENSE
po
README.md
templates

./app/gems/yard-0.9.37/bin:
yard
yardoc
yri

./app/gems/yard-0.9.37/docs:
CodeObjects.md
GettingStarted.md
Handlers.md
images
Overview.md
Parser.md
Tags.md
TagsArch.md
templates
Templates.md
WhatsNew.md

./app/gems/yard-0.9.37/docs/images:
code-objects-class-diagram.png
handlers-class-diagram.png
overview-class-diagram.png
parser-class-diagram.png
tags-class-diagram.png

./app/gems/yard-0.9.37/docs/templates:
default
plugin.rb

./app/gems/yard-0.9.37/docs/templates/default:
fulldoc
layout
yard_tags

./app/gems/yard-0.9.37/docs/templates/default/fulldoc:
html

./app/gems/yard-0.9.37/docs/templates/default/fulldoc/html:
full_list_tag.erb
setup.rb

./app/gems/yard-0.9.37/docs/templates/default/layout:
html

./app/gems/yard-0.9.37/docs/templates/default/layout/html:
setup.rb
tag_list.erb

./app/gems/yard-0.9.37/docs/templates/default/yard_tags:
html

./app/gems/yard-0.9.37/docs/templates/default/yard_tags/html:
list.erb
setup.rb

./app/gems/yard-0.9.37/lib:
rubygems_plugin.rb
yard
yard.rb

./app/gems/yard-0.9.37/lib/yard:
autoload.rb
cli
code_objects
config.rb
core_ext
docstring_parser.rb
docstring.rb
gem_index.rb
globals.rb
handlers
i18n
logging.rb
open_struct.rb
options.rb
parser
rake
registry_resolver.rb
registry_store.rb
registry.rb
rubygems
serializers
server
server.rb
tags
templates
verifier.rb
version.rb

./app/gems/yard-0.9.37/lib/yard/cli:
command_parser.rb
command.rb
config.rb
diff.rb
display.rb
gems.rb
graph.rb
help.rb
i18n.rb
list.rb
markup_types.rb
server.rb
stats.rb
yardoc.rb
yardopts_command.rb
yri.rb

./app/gems/yard-0.9.37/lib/yard/code_objects:
base.rb
class_object.rb
class_variable_object.rb
constant_object.rb
extended_method_object.rb
extra_file_object.rb
macro_object.rb
method_object.rb
module_object.rb
namespace_mapper.rb
namespace_object.rb
proxy.rb
root_object.rb

./app/gems/yard-0.9.37/lib/yard/core_ext:
array.rb
file.rb
hash.rb
insertion.rb
module.rb
string.rb
symbol_hash.rb

./app/gems/yard-0.9.37/lib/yard/handlers:
base.rb
c
common
processor.rb
ruby

./app/gems/yard-0.9.37/lib/yard/handlers/c:
alias_handler.rb
attribute_handler.rb
base.rb
class_handler.rb
constant_handler.rb
handler_methods.rb
init_handler.rb
method_handler.rb
mixin_handler.rb
module_handler.rb
override_comment_handler.rb
path_handler.rb
struct_handler.rb
symbol_handler.rb

./app/gems/yard-0.9.37/lib/yard/handlers/common:
method_handler.rb

./app/gems/yard-0.9.37/lib/yard/handlers/ruby:
alias_handler.rb
attribute_handler.rb
base.rb
class_condition_handler.rb
class_handler.rb
class_variable_handler.rb
comment_handler.rb
constant_handler.rb
decorator_handler_methods.rb
dsl_handler_methods.rb
dsl_handler.rb
exception_handler.rb
extend_handler.rb
legacy
method_condition_handler.rb
method_handler.rb
mixin_handler.rb
module_function_handler.rb
module_handler.rb
private_class_method_handler.rb
private_constant_handler.rb
public_class_method_handler.rb
struct_handler_methods.rb
visibility_handler.rb
yield_handler.rb

./app/gems/yard-0.9.37/lib/yard/handlers/ruby/legacy:
alias_handler.rb
attribute_handler.rb
base.rb
class_condition_handler.rb
class_handler.rb
class_variable_handler.rb
comment_handler.rb
constant_handler.rb
dsl_handler.rb
exception_handler.rb
extend_handler.rb
method_handler.rb
mixin_handler.rb
module_function_handler.rb
module_handler.rb
private_class_method_handler.rb
private_constant_handler.rb
visibility_handler.rb
yield_handler.rb

./app/gems/yard-0.9.37/lib/yard/i18n:
locale.rb
message.rb
messages.rb
po_parser.rb
pot_generator.rb
text.rb

./app/gems/yard-0.9.37/lib/yard/parser:
base.rb
c
ruby
source_parser.rb

./app/gems/yard-0.9.37/lib/yard/parser/c:
c_parser.rb
comment_parser.rb
statement.rb

./app/gems/yard-0.9.37/lib/yard/parser/ruby:
ast_node.rb
legacy
ruby_parser.rb
token_resolver.rb

./app/gems/yard-0.9.37/lib/yard/parser/ruby/legacy:
irb
ruby_lex.rb
ruby_parser.rb
statement_list.rb
statement.rb
token_list.rb

./app/gems/yard-0.9.37/lib/yard/parser/ruby/legacy/irb:
slex.rb

./app/gems/yard-0.9.37/lib/yard/rake:
yardoc_task.rb

./app/gems/yard-0.9.37/lib/yard/rubygems:
backports
backports.rb
doc_manager.rb
hook.rb
specification.rb

./app/gems/yard-0.9.37/lib/yard/rubygems/backports:
gem.rb
LICENSE.txt
MIT.txt
source_index.rb

./app/gems/yard-0.9.37/lib/yard/serializers:
base.rb
file_system_serializer.rb
process_serializer.rb
stdout_serializer.rb
yardoc_serializer.rb

./app/gems/yard-0.9.37/lib/yard/server:
adapter.rb
commands
doc_server_helper.rb
doc_server_serializer.rb
http_utils.rb
library_version.rb
rack_adapter.rb
router.rb
static_caching.rb
templates
webrick_adapter.rb

./app/gems/yard-0.9.37/lib/yard/server/commands:
base.rb
display_file_command.rb
display_object_command.rb
frames_command.rb
library_command.rb
library_index_command.rb
list_command.rb
root_request_command.rb
search_command.rb
static_file_command.rb
static_file_helpers.rb

./app/gems/yard-0.9.37/lib/yard/server/templates:
default
doc_server

./app/gems/yard-0.9.37/lib/yard/server/templates/default:
fulldoc
layout
method_details

./app/gems/yard-0.9.37/lib/yard/server/templates/default/fulldoc:
html

./app/gems/yard-0.9.37/lib/yard/server/templates/default/fulldoc/html:
css
images
js

./app/gems/yard-0.9.37/lib/yard/server/templates/default/fulldoc/html/css:
custom.css

./app/gems/yard-0.9.37/lib/yard/server/templates/default/fulldoc/html/images:
processing.gif

./app/gems/yard-0.9.37/lib/yard/server/templates/default/fulldoc/html/js:
autocomplete.js

./app/gems/yard-0.9.37/lib/yard/server/templates/default/layout:
html

./app/gems/yard-0.9.37/lib/yard/server/templates/default/layout/html:
breadcrumb.erb
script_setup.erb
setup.rb

./app/gems/yard-0.9.37/lib/yard/server/templates/default/method_details:
html

./app/gems/yard-0.9.37/lib/yard/server/templates/default/method_details/html:
permalink.erb
setup.rb

./app/gems/yard-0.9.37/lib/yard/server/templates/doc_server:
library_list
processing
search

./app/gems/yard-0.9.37/lib/yard/server/templates/doc_server/library_list:
html

./app/gems/yard-0.9.37/lib/yard/server/templates/doc_server/library_list/html:
headers.erb
library_list.erb
listing.erb
setup.rb
title.erb

./app/gems/yard-0.9.37/lib/yard/server/templates/doc_server/processing:
html

./app/gems/yard-0.9.37/lib/yard/server/templates/doc_server/processing/html:
processing.erb
setup.rb

./app/gems/yard-0.9.37/lib/yard/server/templates/doc_server/search:
html

./app/gems/yard-0.9.37/lib/yard/server/templates/doc_server/search/html:
search.erb
setup.rb

./app/gems/yard-0.9.37/lib/yard/tags:
default_factory.rb
default_tag.rb
directives.rb
library.rb
option_tag.rb
overload_tag.rb
ref_tag_list.rb
ref_tag.rb
tag_format_error.rb
tag.rb
types_explainer.rb

./app/gems/yard-0.9.37/lib/yard/templates:
engine.rb
erb_cache.rb
helpers
section.rb
template_options.rb
template.rb

./app/gems/yard-0.9.37/lib/yard/templates/helpers:
base_helper.rb
filter_helper.rb
html_helper.rb
html_syntax_highlight_helper.rb
markup
markup_helper.rb
method_helper.rb
module_helper.rb
text_helper.rb
uml_helper.rb

./app/gems/yard-0.9.37/lib/yard/templates/helpers/markup:
rdoc_markdown.rb
rdoc_markup.rb

./app/gems/yard-0.9.37/po:
ja.po

./app/gems/yard-0.9.37/templates:
default
guide

./app/gems/yard-0.9.37/templates/default:
class
constant
docstring
fulldoc
layout
method
method_details
module
onefile
root
tags

./app/gems/yard-0.9.37/templates/default/class:
dot
html
setup.rb
text

./app/gems/yard-0.9.37/templates/default/class/dot:
setup.rb
superklass.erb

./app/gems/yard-0.9.37/templates/default/class/html:
constructor_details.erb
setup.rb
subclasses.erb

./app/gems/yard-0.9.37/templates/default/class/text:
setup.rb
subclasses.erb

./app/gems/yard-0.9.37/templates/default/constant:
text

./app/gems/yard-0.9.37/templates/default/constant/text:
header.erb
setup.rb

./app/gems/yard-0.9.37/templates/default/docstring:
html
setup.rb
text

./app/gems/yard-0.9.37/templates/default/docstring/html:
abstract.erb
deprecated.erb
index.erb
note.erb
private.erb
returns_void.erb
text.erb
todo.erb

./app/gems/yard-0.9.37/templates/default/docstring/text:
abstract.erb
deprecated.erb
index.erb
note.erb
private.erb
returns_void.erb
text.erb
todo.erb

./app/gems/yard-0.9.37/templates/default/fulldoc:
html

./app/gems/yard-0.9.37/templates/default/fulldoc/html:
css
frames.erb
full_list_class.erb
full_list_file.erb
full_list_method.erb
full_list.erb
js
setup.rb

./app/gems/yard-0.9.37/templates/default/fulldoc/html/css:
common.css
full_list.css
style.css

./app/gems/yard-0.9.37/templates/default/fulldoc/html/js:
app.js
full_list.js
jquery.js

./app/gems/yard-0.9.37/templates/default/layout:
dot
html

./app/gems/yard-0.9.37/templates/default/layout/dot:
header.erb
setup.rb

./app/gems/yard-0.9.37/templates/default/layout/html:
breadcrumb.erb
files.erb
footer.erb
headers.erb
index.erb
layout.erb
listing.erb
objects.erb
script_setup.erb
search.erb
setup.rb

./app/gems/yard-0.9.37/templates/default/method:
html
setup.rb
text

./app/gems/yard-0.9.37/templates/default/method/html:
header.erb

./app/gems/yard-0.9.37/templates/default/method/text:
header.erb

./app/gems/yard-0.9.37/templates/default/method_details:
html
setup.rb
text

./app/gems/yard-0.9.37/templates/default/method_details/html:
header.erb
method_signature.erb
source.erb

./app/gems/yard-0.9.37/templates/default/method_details/text:
header.erb
method_signature.erb
setup.rb

./app/gems/yard-0.9.37/templates/default/module:
dot
html
setup.rb
text

./app/gems/yard-0.9.37/templates/default/module/dot:
child.erb
dependencies.erb
header.erb
info.erb
setup.rb

./app/gems/yard-0.9.37/templates/default/module/html:
attribute_details.erb
attribute_summary.erb
box_info.erb
children.erb
constant_summary.erb
defines.erb
header.erb
inherited_attributes.erb
inherited_constants.erb
inherited_methods.erb
item_summary.erb
method_details_list.erb
method_summary.erb
methodmissing.erb
pre_docstring.erb

./app/gems/yard-0.9.37/templates/default/module/text:
children.erb
class_meths_list.erb
extends.erb
header.erb
includes.erb
instance_meths_list.erb
setup.rb

./app/gems/yard-0.9.37/templates/default/onefile:
html

./app/gems/yard-0.9.37/templates/default/onefile/html:
files.erb
headers.erb
layout.erb
readme.erb
setup.rb

./app/gems/yard-0.9.37/templates/default/root:
dot
html

./app/gems/yard-0.9.37/templates/default/root/dot:
child.erb
setup.rb

./app/gems/yard-0.9.37/templates/default/root/html:
setup.rb

./app/gems/yard-0.9.37/templates/default/tags:
html
setup.rb
text

./app/gems/yard-0.9.37/templates/default/tags/html:
example.erb
index.erb
option.erb
overload.erb
see.erb
tag.erb

./app/gems/yard-0.9.37/templates/default/tags/text:
example.erb
index.erb
option.erb
overload.erb
see.erb
tag.erb

./app/gems/yard-0.9.37/templates/guide:
class
docstring
fulldoc
layout
method
module
onefile
tags

./app/gems/yard-0.9.37/templates/guide/class:
html

./app/gems/yard-0.9.37/templates/guide/class/html:
setup.rb

./app/gems/yard-0.9.37/templates/guide/docstring:
html

./app/gems/yard-0.9.37/templates/guide/docstring/html:
setup.rb

./app/gems/yard-0.9.37/templates/guide/fulldoc:
html

./app/gems/yard-0.9.37/templates/guide/fulldoc/html:
css
js
setup.rb

./app/gems/yard-0.9.37/templates/guide/fulldoc/html/css:
style.css

./app/gems/yard-0.9.37/templates/guide/fulldoc/html/js:
app.js

./app/gems/yard-0.9.37/templates/guide/layout:
html

./app/gems/yard-0.9.37/templates/guide/layout/html:
layout.erb
setup.rb

./app/gems/yard-0.9.37/templates/guide/method:
html

./app/gems/yard-0.9.37/templates/guide/method/html:
header.erb
setup.rb

./app/gems/yard-0.9.37/templates/guide/module:
html

./app/gems/yard-0.9.37/templates/guide/module/html:
header.erb
method_list.erb
setup.rb

./app/gems/yard-0.9.37/templates/guide/onefile:
html

./app/gems/yard-0.9.37/templates/guide/onefile/html:
files.erb
setup.rb
toc.erb

./app/gems/yard-0.9.37/templates/guide/tags:
html

./app/gems/yard-0.9.37/templates/guide/tags/html:
setup.rb

./app/specifications:
ast-2.4.3.gemspec
benchmark-0.5.0.gemspec
coderay-1.1.3.gemspec
concurrent-ruby-1.3.5.gemspec
docile-1.4.1.gemspec
i18n-1.14.7.gemspec
json-2.16.0.gemspec
language_server-protocol-3.17.0.5.gemspec
lint_roller-1.1.0.gemspec
method_source-1.1.0.gemspec
minitest-5.26.1.gemspec
parallel-1.27.0.gemspec
parser-3.3.10.0.gemspec
power_assert-3.0.1.gemspec
prism-1.6.0.gemspec
pry-0.15.2.gemspec
racc-1.8.1.gemspec
rainbow-3.1.1.gemspec
rake-13.3.1.gemspec
regexp_parser-2.11.3.gemspec
rubocop-1.81.7.gemspec
rubocop-ast-1.48.0.gemspec
rubocop-minitest-0.38.2.gemspec
rubocop-rake-0.7.1.gemspec
ruby-progressbar-1.13.0.gemspec
simplecov_json_formatter-0.1.4.gemspec
simplecov-0.22.0.gemspec
simplecov-html-0.13.2.gemspec
test-unit-3.7.1.gemspec
timecop-0.9.10.gemspec
unicode-display_width-3.2.0.gemspec
unicode-emoji-4.1.0.gemspec
yard-0.9.37.gemspec
