---
source: crates/rv/tests/integration_tests/clean_install.rs
expression: files_sorted
---
./Gemfile
./Gemfile.lock
./app/ruby/4.0.0/gems/ffi-1.17.2-arm64-darwin/CHANGELOG.md
./app/ruby/4.0.0/gems/ffi-1.17.2-arm64-darwin/COPYING
./app/ruby/4.0.0/gems/ffi-1.17.2-arm64-darwin/Gemfile
./app/ruby/4.0.0/gems/ffi-1.17.2-arm64-darwin/LICENSE
./app/ruby/4.0.0/gems/ffi-1.17.2-arm64-darwin/LICENSE.SPECS
./app/ruby/4.0.0/gems/ffi-1.17.2-arm64-darwin/README.md
./app/ruby/4.0.0/gems/ffi-1.17.2-arm64-darwin/Rakefile
./app/ruby/4.0.0/gems/ffi-1.17.2-arm64-darwin/ffi.gemspec
./app/ruby/4.0.0/gems/ffi-1.17.2-arm64-darwin/lib/2.5/ffi_c.bundle
./app/ruby/4.0.0/gems/ffi-1.17.2-arm64-darwin/lib/2.6/ffi_c.bundle
./app/ruby/4.0.0/gems/ffi-1.17.2-arm64-darwin/lib/2.7/ffi_c.bundle
./app/ruby/4.0.0/gems/ffi-1.17.2-arm64-darwin/lib/3.0/ffi_c.bundle
./app/ruby/4.0.0/gems/ffi-1.17.2-arm64-darwin/lib/3.1/ffi_c.bundle
./app/ruby/4.0.0/gems/ffi-1.17.2-arm64-darwin/lib/3.2/ffi_c.bundle
./app/ruby/4.0.0/gems/ffi-1.17.2-arm64-darwin/lib/3.3/ffi_c.bundle
./app/ruby/4.0.0/gems/ffi-1.17.2-arm64-darwin/lib/3.4/ffi_c.bundle
./app/ruby/4.0.0/gems/ffi-1.17.2-arm64-darwin/lib/ffi.rb
./app/ruby/4.0.0/gems/ffi-1.17.2-arm64-darwin/lib/ffi/abstract_memory.rb
./app/ruby/4.0.0/gems/ffi-1.17.2-arm64-darwin/lib/ffi/autopointer.rb
./app/ruby/4.0.0/gems/ffi-1.17.2-arm64-darwin/lib/ffi/buffer.rb
./app/ruby/4.0.0/gems/ffi-1.17.2-arm64-darwin/lib/ffi/callback.rb
./app/ruby/4.0.0/gems/ffi-1.17.2-arm64-darwin/lib/ffi/compat.rb
./app/ruby/4.0.0/gems/ffi-1.17.2-arm64-darwin/lib/ffi/data_converter.rb
./app/ruby/4.0.0/gems/ffi-1.17.2-arm64-darwin/lib/ffi/dynamic_library.rb
./app/ruby/4.0.0/gems/ffi-1.17.2-arm64-darwin/lib/ffi/enum.rb
./app/ruby/4.0.0/gems/ffi-1.17.2-arm64-darwin/lib/ffi/errno.rb
./app/ruby/4.0.0/gems/ffi-1.17.2-arm64-darwin/lib/ffi/ffi.rb
./app/ruby/4.0.0/gems/ffi-1.17.2-arm64-darwin/lib/ffi/function.rb
./app/ruby/4.0.0/gems/ffi-1.17.2-arm64-darwin/lib/ffi/io.rb
./app/ruby/4.0.0/gems/ffi-1.17.2-arm64-darwin/lib/ffi/library.rb
./app/ruby/4.0.0/gems/ffi-1.17.2-arm64-darwin/lib/ffi/library_path.rb
./app/ruby/4.0.0/gems/ffi-1.17.2-arm64-darwin/lib/ffi/managedstruct.rb
./app/ruby/4.0.0/gems/ffi-1.17.2-arm64-darwin/lib/ffi/memorypointer.rb
./app/ruby/4.0.0/gems/ffi-1.17.2-arm64-darwin/lib/ffi/platform.rb
./app/ruby/4.0.0/gems/ffi-1.17.2-arm64-darwin/lib/ffi/platform/aarch64-darwin/types.conf
./app/ruby/4.0.0/gems/ffi-1.17.2-arm64-darwin/lib/ffi/platform/aarch64-freebsd/types.conf
./app/ruby/4.0.0/gems/ffi-1.17.2-arm64-darwin/lib/ffi/platform/aarch64-freebsd12/types.conf
./app/ruby/4.0.0/gems/ffi-1.17.2-arm64-darwin/lib/ffi/platform/aarch64-linux/types.conf
./app/ruby/4.0.0/gems/ffi-1.17.2-arm64-darwin/lib/ffi/platform/aarch64-openbsd/types.conf
./app/ruby/4.0.0/gems/ffi-1.17.2-arm64-darwin/lib/ffi/platform/aarch64-windows/types.conf
./app/ruby/4.0.0/gems/ffi-1.17.2-arm64-darwin/lib/ffi/platform/arm-freebsd/types.conf
./app/ruby/4.0.0/gems/ffi-1.17.2-arm64-darwin/lib/ffi/platform/arm-freebsd12/types.conf
./app/ruby/4.0.0/gems/ffi-1.17.2-arm64-darwin/lib/ffi/platform/arm-linux/types.conf
./app/ruby/4.0.0/gems/ffi-1.17.2-arm64-darwin/lib/ffi/platform/hppa1.1-linux/types.conf
./app/ruby/4.0.0/gems/ffi-1.17.2-arm64-darwin/lib/ffi/platform/hppa2.0-linux/types.conf
./app/ruby/4.0.0/gems/ffi-1.17.2-arm64-darwin/lib/ffi/platform/i386-cygwin/types.conf
./app/ruby/4.0.0/gems/ffi-1.17.2-arm64-darwin/lib/ffi/platform/i386-darwin/types.conf
./app/ruby/4.0.0/gems/ffi-1.17.2-arm64-darwin/lib/ffi/platform/i386-freebsd/types.conf
./app/ruby/4.0.0/gems/ffi-1.17.2-arm64-darwin/lib/ffi/platform/i386-freebsd12/types.conf
./app/ruby/4.0.0/gems/ffi-1.17.2-arm64-darwin/lib/ffi/platform/i386-gnu/types.conf
./app/ruby/4.0.0/gems/ffi-1.17.2-arm64-darwin/lib/ffi/platform/i386-linux/types.conf
./app/ruby/4.0.0/gems/ffi-1.17.2-arm64-darwin/lib/ffi/platform/i386-netbsd/types.conf
./app/ruby/4.0.0/gems/ffi-1.17.2-arm64-darwin/lib/ffi/platform/i386-openbsd/types.conf
./app/ruby/4.0.0/gems/ffi-1.17.2-arm64-darwin/lib/ffi/platform/i386-solaris/types.conf
./app/ruby/4.0.0/gems/ffi-1.17.2-arm64-darwin/lib/ffi/platform/i386-windows/types.conf
./app/ruby/4.0.0/gems/ffi-1.17.2-arm64-darwin/lib/ffi/platform/ia64-linux/types.conf
./app/ruby/4.0.0/gems/ffi-1.17.2-arm64-darwin/lib/ffi/platform/loongarch64-linux/types.conf
./app/ruby/4.0.0/gems/ffi-1.17.2-arm64-darwin/lib/ffi/platform/mips-linux/types.conf
./app/ruby/4.0.0/gems/ffi-1.17.2-arm64-darwin/lib/ffi/platform/mips64-linux/types.conf
./app/ruby/4.0.0/gems/ffi-1.17.2-arm64-darwin/lib/ffi/platform/mips64el-linux/types.conf
./app/ruby/4.0.0/gems/ffi-1.17.2-arm64-darwin/lib/ffi/platform/mipsel-linux/types.conf
./app/ruby/4.0.0/gems/ffi-1.17.2-arm64-darwin/lib/ffi/platform/mipsisa32r6-linux/types.conf
./app/ruby/4.0.0/gems/ffi-1.17.2-arm64-darwin/lib/ffi/platform/mipsisa32r6el-linux/types.conf
./app/ruby/4.0.0/gems/ffi-1.17.2-arm64-darwin/lib/ffi/platform/mipsisa64r6-linux/types.conf
./app/ruby/4.0.0/gems/ffi-1.17.2-arm64-darwin/lib/ffi/platform/mipsisa64r6el-linux/types.conf
./app/ruby/4.0.0/gems/ffi-1.17.2-arm64-darwin/lib/ffi/platform/powerpc-aix/types.conf
./app/ruby/4.0.0/gems/ffi-1.17.2-arm64-darwin/lib/ffi/platform/powerpc-darwin/types.conf
./app/ruby/4.0.0/gems/ffi-1.17.2-arm64-darwin/lib/ffi/platform/powerpc-linux/types.conf
./app/ruby/4.0.0/gems/ffi-1.17.2-arm64-darwin/lib/ffi/platform/powerpc-openbsd/types.conf
./app/ruby/4.0.0/gems/ffi-1.17.2-arm64-darwin/lib/ffi/platform/powerpc64-linux/types.conf
./app/ruby/4.0.0/gems/ffi-1.17.2-arm64-darwin/lib/ffi/platform/powerpc64le-linux/types.conf
./app/ruby/4.0.0/gems/ffi-1.17.2-arm64-darwin/lib/ffi/platform/riscv64-linux/types.conf
./app/ruby/4.0.0/gems/ffi-1.17.2-arm64-darwin/lib/ffi/platform/s390-linux/types.conf
./app/ruby/4.0.0/gems/ffi-1.17.2-arm64-darwin/lib/ffi/platform/s390x-linux/types.conf
./app/ruby/4.0.0/gems/ffi-1.17.2-arm64-darwin/lib/ffi/platform/sparc-linux/types.conf
./app/ruby/4.0.0/gems/ffi-1.17.2-arm64-darwin/lib/ffi/platform/sparc-solaris/types.conf
./app/ruby/4.0.0/gems/ffi-1.17.2-arm64-darwin/lib/ffi/platform/sparcv9-linux/types.conf
./app/ruby/4.0.0/gems/ffi-1.17.2-arm64-darwin/lib/ffi/platform/sparcv9-openbsd/types.conf
./app/ruby/4.0.0/gems/ffi-1.17.2-arm64-darwin/lib/ffi/platform/sparcv9-solaris/types.conf
./app/ruby/4.0.0/gems/ffi-1.17.2-arm64-darwin/lib/ffi/platform/sw_64-linux/types.conf
./app/ruby/4.0.0/gems/ffi-1.17.2-arm64-darwin/lib/ffi/platform/x86_64-cygwin/types.conf
./app/ruby/4.0.0/gems/ffi-1.17.2-arm64-darwin/lib/ffi/platform/x86_64-darwin/types.conf
./app/ruby/4.0.0/gems/ffi-1.17.2-arm64-darwin/lib/ffi/platform/x86_64-dragonflybsd/types.conf
./app/ruby/4.0.0/gems/ffi-1.17.2-arm64-darwin/lib/ffi/platform/x86_64-freebsd/types.conf
./app/ruby/4.0.0/gems/ffi-1.17.2-arm64-darwin/lib/ffi/platform/x86_64-freebsd12/types.conf
./app/ruby/4.0.0/gems/ffi-1.17.2-arm64-darwin/lib/ffi/platform/x86_64-haiku/types.conf
./app/ruby/4.0.0/gems/ffi-1.17.2-arm64-darwin/lib/ffi/platform/x86_64-linux/types.conf
./app/ruby/4.0.0/gems/ffi-1.17.2-arm64-darwin/lib/ffi/platform/x86_64-msys/types.conf
./app/ruby/4.0.0/gems/ffi-1.17.2-arm64-darwin/lib/ffi/platform/x86_64-netbsd/types.conf
./app/ruby/4.0.0/gems/ffi-1.17.2-arm64-darwin/lib/ffi/platform/x86_64-openbsd/types.conf
./app/ruby/4.0.0/gems/ffi-1.17.2-arm64-darwin/lib/ffi/platform/x86_64-solaris/types.conf
./app/ruby/4.0.0/gems/ffi-1.17.2-arm64-darwin/lib/ffi/platform/x86_64-windows/types.conf
./app/ruby/4.0.0/gems/ffi-1.17.2-arm64-darwin/lib/ffi/pointer.rb
./app/ruby/4.0.0/gems/ffi-1.17.2-arm64-darwin/lib/ffi/struct.rb
./app/ruby/4.0.0/gems/ffi-1.17.2-arm64-darwin/lib/ffi/struct_by_reference.rb
./app/ruby/4.0.0/gems/ffi-1.17.2-arm64-darwin/lib/ffi/struct_layout.rb
./app/ruby/4.0.0/gems/ffi-1.17.2-arm64-darwin/lib/ffi/struct_layout_builder.rb
./app/ruby/4.0.0/gems/ffi-1.17.2-arm64-darwin/lib/ffi/tools/const_generator.rb
./app/ruby/4.0.0/gems/ffi-1.17.2-arm64-darwin/lib/ffi/tools/generator.rb
./app/ruby/4.0.0/gems/ffi-1.17.2-arm64-darwin/lib/ffi/tools/generator_task.rb
./app/ruby/4.0.0/gems/ffi-1.17.2-arm64-darwin/lib/ffi/tools/struct_generator.rb
./app/ruby/4.0.0/gems/ffi-1.17.2-arm64-darwin/lib/ffi/tools/types_generator.rb
./app/ruby/4.0.0/gems/ffi-1.17.2-arm64-darwin/lib/ffi/types.rb
./app/ruby/4.0.0/gems/ffi-1.17.2-arm64-darwin/lib/ffi/union.rb
./app/ruby/4.0.0/gems/ffi-1.17.2-arm64-darwin/lib/ffi/variadic.rb
./app/ruby/4.0.0/gems/ffi-1.17.2-arm64-darwin/lib/ffi/version.rb
./app/ruby/4.0.0/gems/ffi-1.17.2-arm64-darwin/rakelib/ffi_gem_helper.rb
./app/ruby/4.0.0/gems/ffi-1.17.2-arm64-darwin/samples/getlogin.rb
./app/ruby/4.0.0/gems/ffi-1.17.2-arm64-darwin/samples/getpid.rb
./app/ruby/4.0.0/gems/ffi-1.17.2-arm64-darwin/samples/gettimeofday.rb
./app/ruby/4.0.0/gems/ffi-1.17.2-arm64-darwin/samples/hello.rb
./app/ruby/4.0.0/gems/ffi-1.17.2-arm64-darwin/samples/hello_ractor.rb
./app/ruby/4.0.0/gems/ffi-1.17.2-arm64-darwin/samples/inotify.rb
./app/ruby/4.0.0/gems/ffi-1.17.2-arm64-darwin/samples/pty.rb
./app/ruby/4.0.0/gems/ffi-1.17.2-arm64-darwin/samples/qsort.rb
./app/ruby/4.0.0/gems/ffi-1.17.2-arm64-darwin/samples/qsort_ractor.rb
./app/ruby/4.0.0/gems/ffi-1.17.2-arm64-darwin/sig/ffi.rbs
./app/ruby/4.0.0/gems/ffi-1.17.2-arm64-darwin/sig/ffi/abstract_memory.rbs
./app/ruby/4.0.0/gems/ffi-1.17.2-arm64-darwin/sig/ffi/auto_pointer.rbs
./app/ruby/4.0.0/gems/ffi-1.17.2-arm64-darwin/sig/ffi/buffer.rbs
./app/ruby/4.0.0/gems/ffi-1.17.2-arm64-darwin/sig/ffi/data_converter.rbs
./app/ruby/4.0.0/gems/ffi-1.17.2-arm64-darwin/sig/ffi/dynamic_library.rbs
./app/ruby/4.0.0/gems/ffi-1.17.2-arm64-darwin/sig/ffi/enum.rbs
./app/ruby/4.0.0/gems/ffi-1.17.2-arm64-darwin/sig/ffi/function.rbs
./app/ruby/4.0.0/gems/ffi-1.17.2-arm64-darwin/sig/ffi/library.rbs
./app/ruby/4.0.0/gems/ffi-1.17.2-arm64-darwin/sig/ffi/native_type.rbs
./app/ruby/4.0.0/gems/ffi-1.17.2-arm64-darwin/sig/ffi/pointer.rbs
./app/ruby/4.0.0/gems/ffi-1.17.2-arm64-darwin/sig/ffi/struct.rbs
./app/ruby/4.0.0/gems/ffi-1.17.2-arm64-darwin/sig/ffi/struct_by_reference.rbs
./app/ruby/4.0.0/gems/ffi-1.17.2-arm64-darwin/sig/ffi/struct_by_value.rbs
./app/ruby/4.0.0/gems/ffi-1.17.2-arm64-darwin/sig/ffi/struct_layout.rbs
./app/ruby/4.0.0/gems/ffi-1.17.2-arm64-darwin/sig/ffi/struct_layout_builder.rbs
./app/ruby/4.0.0/gems/ffi-1.17.2-arm64-darwin/sig/ffi/type.rbs
./app/ruby/4.0.0/specifications/ffi-1.17.2-arm64-darwin.gemspec
