---
source: crates/rv/tests/integration_tests/shell.rs
expression: output.normalized_stdout()
---
Install rv's shell integration into bash by running the commands below,
or configuring your shell to do the equivalent.

echo 'eval "$(/tmp/bin/rv shell init bash)"' >> ~/.bashrc
echo 'eval "$(/tmp/bin/rv shell completions bash)"' >> ~/.bashrc
