---
source: tests/integration_ruby_list.rs
expression: stdout
---
  ruby-3.4.4            [36m/Users/segiddins/.rubies/ruby-3.4.4/bin/ruby[39m
  ruby-3.4.3            [36m/Users/segiddins/.rubies/ruby-3.4.3/bin/ruby[39m
  ruby-3.4.2            [36m/Users/segiddins/.rubies/ruby-3.4.2/bin/ruby[39m
  ruby-3.4.1            [36m/Users/segiddins/.rubies/ruby-3.4.1/bin/ruby[39m
  ruby-3.3.6            [36m/Users/segiddins/.rubies/ruby-3.3.6/bin/ruby[39m
* ruby-3.3.5            [36m/Users/segiddins/.rubies/ruby-3.3.5/bin/ruby[39m
  ruby-3.3.4            [36m/Users/segiddins/.rubies/ruby-3.3.4/bin/ruby[39m
  ruby-3.3.3            [36m/Users/segiddins/.rubies/ruby-3.3.3/bin/ruby[39m
  ruby-3.3.2            [36m/Users/segiddins/.rubies/ruby-3.3.2/bin/ruby[39m
  ruby-3.3.1            [36m/Users/segiddins/.rubies/ruby-3.3.1/bin/ruby[39m
  ruby-3.3.0            [36m/Users/segiddins/.rubies/ruby-3.3.0/bin/ruby[39m
  ruby-3.2.3            [36m/Users/segiddins/.rubies/ruby-3.2.3/bin/ruby[39m
  ruby-3.2.2            [36m/Users/segiddins/.rubies/ruby-3.2.2/bin/ruby[39m
  ruby-3.1.4            [36m/Users/segiddins/.rubies/ruby-3.1.4/bin/ruby[39m
  ruby-3.1.1            [36m/Users/segiddins/.rubies/ruby-3.1.1/bin/ruby[39m
  ruby-3.0.5            [36m/Users/segiddins/.rubies/ruby-3.0.5/bin/ruby[39m
  ruby-3.0.3            [36m/Users/segiddins/.rubies/ruby-3.0.3/bin/ruby[39m
  ruby-3.0.2            [36m/Users/segiddins/.rubies/ruby-3.0.2/bin/ruby[39m
  ruby-2.7.5            [36m/Users/segiddins/.rubies/ruby-2.7.5/bin/ruby[39m
  ruby-2.6.10           [36m/Users/segiddins/.rubies/ruby-2.6.10/bin/ruby[39m
  ruby-2.5.9            [36m/Users/segiddins/.rubies/ruby-2.5.9/bin/ruby[39m
  jruby-10.0.0.0        [36m/Users/segiddins/.rubies/jruby-10.0.0.0/bin/ruby[39m -> [36m/jruby[39m
  jruby-10.0.0.1        [36m/Users/segiddins/.rubies/jruby-10.0.0.1/bin/ruby[39m -> [36m/jruby[39m
  jruby-9.4.12.0        [36m/Users/segiddins/.rubies/jruby-9.4.12.0/bin/ruby[39m -> [36m/jruby[39m
  jruby-9.4.9.0         [36m/Users/segiddins/.rubies/jruby-9.4.9.0/bin/ruby[39m -> [36m/jruby[39m
  jruby-9.4.8.0         [36m/Users/segiddins/.rubies/jruby-9.4.8.0/bin/ruby[39m -> [36m/jruby[39m
  jruby-9.4.6.0         [36m/Users/segiddins/.rubies/jruby-9.4.6.0/bin/ruby[39m -> [36m/jruby[39m
  jruby-9.4.3.0         [36m/Users/segiddins/.rubies/jruby-9.4.3.0/bin/ruby[39m -> [36m/jruby[39m
  truffleruby-24.0.2    [36m/Users/segiddins/.rubies/truffleruby-24.0.2/bin/ruby[39m
  truffleruby-23.1.2    [36m/Users/segiddins/.rubies/truffleruby-23.1.2/bin/ruby[39m
  truffleruby-23.1.1    [36m/Users/segiddins/.rubies/truffleruby-23.1.1/bin/ruby[39m
