---
source: crates/rv/src/commands/tool/install/gemserver.rs
expression: actual_parsed_response
---
[
    VersionAvailable {
        version: Version {
            version: "2.2.2",
            segments: [
                Number(
                    2,
                ),
                Number(
                    2,
                ),
                Number(
                    2,
                ),
            ],
        },
        platform: Ruby,
        deps: [
            actionmailer@[= 2.2.2],
            actionpack@[= 2.2.2],
            activerecord@[= 2.2.2],
            activeresource@[= 2.2.2],
            activesupport@[= 2.2.2],
            rake@[>= 0.8.3],
        ],
        metadata: Metadata {
            checksum: "84fd0ee92f92088cff81d1a4bcb61306bd4b7440b8634d7ac3d1396571a2133f",
            ruby: [],
            rubygems: [],
        },
    },
    VersionAvailable {
        version: Version {
            version: "2.3.2",
            segments: [
                Number(
                    2,
                ),
                Number(
                    3,
                ),
                Number(
                    2,
                ),
            ],
        },
        platform: Ruby,
        deps: [
            actionmailer@[= 2.3.2],
            actionpack@[= 2.3.2],
            activerecord@[= 2.3.2],
            activeresource@[= 2.3.2],
            activesupport@[= 2.3.2],
            rake@[>= 0.8.3],
        ],
        metadata: Metadata {
            checksum: "ac61e0356987df34dbbafb803b98f153a663d3878a31f1db7333b7cd987fd044",
            ruby: [],
            rubygems: [],
        },
    },
]
